Archive member included because of file (symbol)

/cygdrive/c/TWESDK/Wks_ToCoNet/App_IO/../../Wks_libToCoNet/libToCoNet/lib/libToCoNet_JN5164.a(ToCoNet_event.o)
                              objs_JN5164/Master.o (_PRSEV_u8Register)
/cygdrive/c/TWESDK/Wks_ToCoNet/App_IO/../../Wks_libToCoNet/libToCoNet/lib/libToCoNet_JN5164.a(ToCoNet_main.o)
                              objs_JN5164/Master.o (_ToCoNet_vDebugInit)
/cygdrive/c/TWESDK/Wks_ToCoNet/App_IO/../../Wks_libToCoNet/libToCoNet/lib/libToCoNet_JN5164.a(ToCoNet_utils.o)
                              objs_JN5164/Master.o (_ToCoNet_u32GetVersion)
/cygdrive/c/TWESDK/Wks_ToCoNet/App_IO/../../Wks_libToCoNet/libToCoNet/lib/libToCoNet_JN5164.a(ToCoNet_mod_Tx.o)
                              objs_JN5164/Master.o (_ToCoNet_vReg_mod_Tx_Standard)
/cygdrive/c/TWESDK/Wks_ToCoNet/App_IO/../../Wks_libToCoNet/libToCoNet/lib/libToCoNet_JN5164.a(ToCoNet_mod_TxRxQueue.o)
                              objs_JN5164/Master.o (_ToCoNet_vReg_mod_TxRxQueueMid)
/cygdrive/c/TWESDK/Wks_ToCoNet/App_IO/../../Wks_libToCoNet/libToCoNet/lib/libToCoNet_JN5164.a(ToCoNet_mod_Nwk_Common.o)
                              /cygdrive/c/TWESDK/Wks_ToCoNet/App_IO/../../Wks_libToCoNet/libToCoNet/lib/libToCoNet_JN5164.a(ToCoNet_main.o) (_ToCoNet_vRxProc_App)
/cygdrive/c/TWESDK/Wks_ToCoNet/App_IO/../../Wks_libToCoNet/libToCoNet/lib/libToCoNet_JN5164.a(ToCoNet_mod_Channel_Mgr.o)
                              /cygdrive/c/TWESDK/Wks_ToCoNet/App_IO/../../Wks_libToCoNet/libToCoNet/lib/libToCoNet_JN5164.a(ToCoNet_main.o) (_ToCoNet_ChMgr_bCh_Reconfig)
/cygdrive/c/TWESDK/Wks_ToCoNet/App_IO/../../Wks_libToCoNet/libToCoNet/lib/libToCoNet_JN5164.a(Version.o)
                              /cygdrive/c/TWESDK/Wks_ToCoNet/App_IO/../../Wks_libToCoNet/libToCoNet/lib/libToCoNet_JN5164.a(ToCoNet_utils.o) (_au8ToCoNetVersionInfo)
/cygdrive/c/TWESDK/Wks_ToCoNet/App_IO/../../Wks_libToCoNet/libToCoNet/lib/libToCoNet_JN5164.a(AppQueueApi_ToCoNet.o)
                              /cygdrive/c/TWESDK/Wks_ToCoNet/App_IO/../../Wks_libToCoNet/libToCoNet/lib/libToCoNet_JN5164.a(ToCoNet_main.o) (_psAppQApiReadHwIndT)
/cygdrive/c/TWESDK/Wks_ToCoNet/App_IO/../../Wks_libToCoNet/libToCoNet/lib/libToCoNetExt_JN5164.a(AppStart.o)
                              /cygdrive/c/TWESDK/Wks_ToCoNet/App_IO/../../Wks_libToCoNet/libToCoNet/lib/libToCoNet_JN5164.a(ToCoNet_mod_Channel_Mgr.o) (__ToCoNet_bRfChChannel)
/cygdrive/c/TWESDK/Wks_ToCoNet/App_IO/../../Wks_libToCoNet/libToCoNet/lib/libToCoNetExt_JN5164.a(getMacAddr.o)
                              /cygdrive/c/TWESDK/Wks_ToCoNet/App_IO/../../Wks_libToCoNet/libToCoNet/lib/libToCoNet_JN5164.a(ToCoNet_main.o) (_ToCoNet_u32GetSerialOnBoot)
/cygdrive/c/TWESDK/Wks_ToCoNet/App_IO/../../Wks_libToCoNet/libToCoNet/lib/libToCoNetExt_JN5164.a(mac.o)
                              /cygdrive/c/TWESDK/Wks_ToCoNet/App_IO/../../Wks_libToCoNet/libToCoNet/lib/libToCoNet_JN5164.a(ToCoNet_main.o) (_Mac_bRxQueueReg)
/cygdrive/c/TWESDK/Wks_ToCoNet/App_IO/../../Wks_libToCoNet/libToCoNet/lib/libToCoNetExt_JN5164.a(AES_CCM.o)
                              /cygdrive/c/TWESDK/Wks_ToCoNet/App_IO/../../Wks_libToCoNet/libToCoNet/lib/libToCoNetExt_JN5164.a(mac.o) (_bAES_CCM_Encode)
/cygdrive/c/TWESDK/Wks_ToCoNet/App_IO/../../Wks_libToCoNet/libToCoNet/lib/libToCoNetExt_JN5164.a(eeprom_6x.o)
                              objs_JN5164/flash.o (_EEP_6x_bRead)
/cygdrive/c/TWESDK/Wks_ToCoNet/App_IO/../../Wks_libToCoNet/libToCoNet/lib/libToCoNetExt_JN5164.a(no_ack_handler.o)
                              /cygdrive/c/TWESDK/Wks_ToCoNet/App_IO/../../Wks_libToCoNet/libToCoNet/lib/libToCoNetExt_JN5164.a(AppStart.o) (_vInstallNoAckHandler)
/cygdrive/c/TWESDK/Wks_ToCoNet/App_IO/../../Wks_libToCoNet/libToCoNet/lib/libToCoNetExt_JN5164.a(Version.o)
                              /cygdrive/c/TWESDK/Wks_ToCoNet/App_IO/../../Wks_libToCoNet/libToCoNet/lib/libToCoNet_JN5164.a(ToCoNet_utils.o) (_au8ToCoNetExtVersionInfo)
/cygdrive/c/TWESDK/Wks_ToCoNet/App_IO/../../Wks_libToCoNet/libToCoNet/lib/libToCoNetExt_JN5164.a(AHI_FlashIndexSector.o)
                              /cygdrive/c/TWESDK/Wks_ToCoNet/App_IO/../../Wks_libToCoNet/libToCoNet/lib/libToCoNetExt_JN5164.a(AppStart.o) (_bAHI_ReadUserData)
/cygdrive/c/TWESDK/Wks_ToCoNet/App_IO/../../Wks_libToCoNet/libToCoNet/lib/libToCoNetExt_JN5164.a(PDM_EEPROM.o)
                              /cygdrive/c/TWESDK/Wks_ToCoNet/App_IO/../../Wks_libToCoNet/libToCoNet/lib/libToCoNetExt_JN5164.a(eeprom_6x.o) (_bPDM_InitialiseEEPROM)
/cygdrive/c/TWESDK/Wks_ToCoNet/App_IO/../../Wks_libToCoNet/libToCoNet/lib/libToCoNetExt_JN5164.a(PDM_Create.o)
                              /cygdrive/c/TWESDK/Wks_ToCoNet/App_IO/../../Wks_libToCoNet/libToCoNet/lib/libToCoNetExt_JN5164.a(PDM_EEPROM.o) (_psPDM_Common)
/cygdrive/c/TWESDK/Wks_ToCoNet/App_IO/../../Wks_libToCoNet/libToCoNet/lib/libToCoNetUtils_JN5164.a(serial.o)
                              objs_JN5164/Master.o (_SERIAL_bRxQueueEmpty)
[...]
Memory Configuration

Name             Origin             Length             Attributes
flash            0x00080000         0x00028000
ram              0x0400004c         0x00007fb4
*default*        0x00000000         0xffffffff

Linker script and memory map

LOAD objs_JN5164/Master.o
LOAD objs_JN5164/common.o
LOAD objs_JN5164/flash.o
LOAD objs_JN5164/modbus_ascii.o
LOAD objs_JN5164/input_string.o
LOAD objs_JN5164/sensor_driver.o
LOAD objs_JN5164/adc.o
LOAD objs_JN5164/duplicate_checker.o
LOAD objs_JN5164/SMBus.o
LOAD /cygdrive/c/TWESDK/Wks_ToCoNet/App_IO/../../Wks_libToCoNet/libToCoNet/lib/libToCoNet_JN5164.a
LOAD /cygdrive/c/TWESDK/Wks_ToCoNet/App_IO/../../Wks_libToCoNet/libToCoNet/lib/libToCoNetExt_JN5164.a
LOAD /cygdrive/c/TWESDK/Wks_ToCoNet/App_IO/../../Wks_libToCoNet/libToCoNet/lib/libToCoNetUtils_JN5164.a
START GROUP
LOAD /cygdrive/c/TWESDK/516x/Components/Library/libAppApi_JN516x.a
LOAD /cygdrive/c/TWESDK/516x/Components/Library/libMac_JN516x.a
LOAD /cygdrive/c/TWESDK/516x/Components/Library/libTof_JN516x.a
LOAD /cygdrive/c/TWESDK/516x/Components/Library/libXcv_JN516x.a
LOAD /cygdrive/c/TWESDK/516x/Components/Library/libAES_CCM_SW_PATCH_JN516x.a
LOAD /cygdrive/c/TWESDK/516x/Components/Library/libAes_JN516x.a
LOAD /cygdrive/c/TWESDK/516x/Components/Library/libTimerServer_JN516x.a
LOAD /cygdrive/c/TWESDK/516x/Components/Library/libHardwareApi_JN516x.a
LOAD /cygdrive/c/TWESDK/516x/Components/Library/libMicroSpecific_JN516x.a
LOAD /cygdrive/c/TWESDK/516x/Components/Library/libBoot_JN516x.a
LOAD /cygdrive/c/TWESDK/516x/Components/Library/libMaths_JN516x.a
LOAD /cygdrive/c/TWESDK/Wks_ToCoNet/App_IO/../../Wks_libToCoNet/libToCoNet/lib/libToCoNet_JN5164.a
LOAD /cygdrive/c/TWESDK/Wks_ToCoNet/App_IO/../../Wks_libToCoNet/libToCoNet/lib/libToCoNetExt_JN5164.a
LOAD /cygdrive/c/TWESDK/Wks_ToCoNet/App_IO/../../Wks_libToCoNet/libToCoNet/lib/libToCoNetUtils_JN5164.a
END GROUP
LOAD /cygdrive/c/TWESDK/Tools/ba-elf-ba2/bin/../lib/gcc/ba-elf/4.1.2/ba2/libgcc.a
LOAD /cygdrive/c/TWESDK/Tools/ba-elf-ba2/bin/../lib/gcc/ba-elf/4.1.2/../../../../ba-elf/lib/ba2/libc.a
LOAD /cygdrive/c/TWESDK/Tools/ba-elf-ba2/bin/../lib/gcc/ba-elf/4.1.2/ba2/libgcc.a
                0x00001000                _stack_size = 0x1000
                0x00080038                __exception_vsr_table = 0x80038
                0x04000000                _pSPIflashFncTable = 0x4000000
                0x00001000                _stack_size = 0x1000
                0x00000044                restore_state = 0x44
                0x0000004a                _bZSPIWaitWIPClear = 0x4a
                0x00000050                _u16ZSPIflashRDID = 0x50
                0x00000056                _u8SelectFlashChipType = 0x56
                0x0000005c                _memcpy = 0x5c
                0x00000066                _vBootFlashProg = 0x66
                [0x00000d16]                _minimum_heap_size = DEFINED (_minimum_heap_size)?_minimum_heap_size:0xd16
                0x00000000                _SwConfig = (DEFINED (g_bSWConf_Debug) | (DEFINED (g_bSWConf_AltDebugPort) << 0x1))

.version        0x0007fffc        0x4
                0x0007fffc        0x4 LONG 0x4030008

.bir            0x00080000       0x10
                0x00080000                _flash_start = <code 342> (.)
                0x00080000                _flash_beg = <code 342> (.)
                0x00080000        0x4 LONG 0x12345678
                0x00080004        0x4 LONG 0x11223344
                0x00080008        0x4 LONG 0x55667788
                0x0008000c        0x1 BYTE 0x8
                0x0008000d        0x1 BYTE 0x1
                0x0008000e        0x2 SHORT 0x0

.flashheader    0x00080010       0x28
                0x00080010        0x4 LONG 0x0
                0x00080014        0x4 LONG 0x0
                0x00080018        0x4 LONG 0x0
                0x0008001c        0x2 SHORT 0x0
                0x0008001e        0x2 SHORT 0x0 <code 342> (_SwConfig)
                0x00080020                _enc_start = <code 342> (.)
                0x00080020        0x4 LONG 0x1022c <code 342> (_image_len)
                0x00000000                _enc_offset = (_enc_start & 0xf)
                [0x00000020]                _enc_start = (_enc_start - _flash_beg)
                0x00080024        0x4 LONG 0x90200 <code 342> (_flash_data_start)
                0x00080028        0x2 SHORT 0x13 ((<code 342> (_ram_data_start) / 0x4) & 0xffff)
                0x0008002a        0x2 SHORT 0xb ((<code 342> (_ram_data_len) / 0x4) & 0xffff)
                0x0008002c        0x2 SHORT 0x1e ((<code 342> (_bss_start) / 0x4) & 0xffff)
                0x0008002e        0x2 SHORT 0x88b ((<code 342> (_bss_len) / 0x4) & 0xffff)
                0x00080030        0x4 LONG 0x8651e <code 342> (_AppWarmStart)
                0x00080034        0x4 LONG 0x866ca <code 342> (_AppColdStart)
                0x00000044                PROVIDE (_vException_BusError, restore_state)
                0x00000044                PROVIDE (_vException_UnalignedAccess, restore_state)
                0x00000044                PROVIDE (_vException_IllegalInstruction, restore_state)
                0x00000044                PROVIDE (_vException_SysCall, restore_state)
                0x00000044                PROVIDE (_vException_Trap, restore_state)
                0x00000044                PROVIDE (_vException_StackOverflow, restore_state)
                0x00080038                . = <code 342> (__exception_vsr_table)

.vsr_table      0x00080038       0x18
                0x00080038        0x4 LONG 0x44 <code 342> (_vException_BusError)
                0x0008003c        0x4 LONG 0x44 <code 342> (_vException_UnalignedAccess)
                0x00080040        0x4 LONG 0x44 <code 342> (_vException_IllegalInstruction)
                0x00080044        0x4 LONG 0x44 <code 342> (_vException_SysCall)
                0x00080048        0x4 LONG 0x44 <code 342> (_vException_Trap)
                0x0008004c        0x4 LONG 0x44 <code 342> (_vException_StackOverflow)

.vsr_handlers   0x00080050       0xab
 *(.vsr_handlers)
 .vsr_handlers  0x00080050       0xab /cygdrive/c/TWESDK/516x/Components/Library/libBoot_JN516x.a(ExceptionHandler.o)
                0x00080050                __exception_external_interrupt
                0x000800f9                __default_vsr_dummy

.rodata         0x000800fc      0xd79
 *(.rodata*)
 .rodata.str1.1
                0x000800fc      0x8ea objs_JN5164/Master.o
                                0x914 (size before relaxing)
 .rodata.au8name.5569
                0x000809e6        0x3 objs_JN5164/Master.o
 .rodata.au8PortTbl_DIn
                0x000809e9        0xc objs_JN5164/common.o
                0x000809e9                _au8PortTbl_DIn
 .rodata.au8PortTbl_DOut
                0x000809f5        0xc objs_JN5164/common.o
                0x000809f5                _au8PortTbl_DOut
 .rodata.au8IoModeTbl_To_LogicalID
                0x00080a01        0x8 objs_JN5164/common.o
                0x00080a01                _au8IoModeTbl_To_LogicalID
 *fill*         0x00080a09        0x3 00
 .rodata.au32ChMask_Preset
                0x00080a0c       0x10 objs_JN5164/common.o
                0x00080a0c                _au32ChMask_Preset
 .rodata.au8tbl.2062
                0x00080a1c       0x11 objs_JN5164/modbus_ascii.o
 .rodata.u8tbl.2010
                0x00080a2d       0x17 objs_JN5164/modbus_ascii.o
 .rodata.str1.1
                0x00080a44       0x11 /cygdrive/c/TWESDK/Wks_ToCoNet/App_IO/../../Wks_libToCoNet/libToCoNet/lib/libToCoNet_JN5164.a(ToCoNet_mod_Tx.o)
 *fill*         0x00080a55        0x3 00
 .rodata.asStateFuncTbl
                0x00080a58       0x38 /cygdrive/c/TWESDK/Wks_ToCoNet/App_IO/../../Wks_libToCoNet/libToCoNet/lib/libToCoNet_JN5164.a(ToCoNet_mod_Tx.o)
 .rodata.asStateFuncTbl.4371
                0x00080a90       0x18 /cygdrive/c/TWESDK/Wks_ToCoNet/App_IO/../../Wks_libToCoNet/libToCoNet/lib/libToCoNet_JN5164.a(ToCoNet_mod_Channel_Mgr.o)
 .rodata.au8ToCoNetVersionInfo
                0x00080aa8        0xc /cygdrive/c/TWESDK/Wks_ToCoNet/App_IO/../../Wks_libToCoNet/libToCoNet/lib/libToCoNet_JN5164.a(Version.o)
                0x00080aa8                _au8ToCoNetVersionInfo
 .rodata.str1.1
                0x00080ab4       0x11 /cygdrive/c/TWESDK/Wks_ToCoNet/App_IO/../../Wks_libToCoNet/libToCoNet/lib/libToCoNetExt_JN5164.a(AppStart.o)
 .rodata        0x00080ac5       0x11 /cygdrive/c/TWESDK/Wks_ToCoNet/App_IO/../../Wks_libToCoNet/libToCoNet/lib/libToCoNetExt_JN5164.a(AppStart.o)
 .rodata.au8k.5340
                0x00080ad6       0x20 /cygdrive/c/TWESDK/Wks_ToCoNet/App_IO/../../Wks_libToCoNet/libToCoNet/lib/libToCoNetExt_JN5164.a(AppStart.o)
 .rodata.au8k.5378
                0x00080af6       0x20 /cygdrive/c/TWESDK/Wks_ToCoNet/App_IO/../../Wks_libToCoNet/libToCoNet/lib/libToCoNetExt_JN5164.a(AppStart.o)
 .rodata.str1.1
                0x00080b16       0x11 /cygdrive/c/TWESDK/Wks_ToCoNet/App_IO/../../Wks_libToCoNet/libToCoNet/lib/libToCoNetExt_JN5164.a(mac.o)
 *fill*         0x00080b27        0x1 00
 .rodata.u32MacHigh_TOCOS
                0x00080b28        0x4 /cygdrive/c/TWESDK/Wks_ToCoNet/App_IO/../../Wks_libToCoNet/libToCoNet/lib/libToCoNetExt_JN5164.a(mac.o)
                0x00080b28                _u32MacHigh_TOCOS
 .rodata.u32MacLow_TOCOS
                0x00080b2c        0x4 /cygdrive/c/TWESDK/Wks_ToCoNet/App_IO/../../Wks_libToCoNet/libToCoNet/lib/libToCoNetExt_JN5164.a(mac.o)
                0x00080b2c                _u32MacLow_TOCOS
 .rodata.au8ToCoNetExtVersionInfo
                0x00080b30        0xc /cygdrive/c/TWESDK/Wks_ToCoNet/App_IO/../../Wks_libToCoNet/libToCoNet/lib/libToCoNetExt_JN5164.a(Version.o)
                0x00080b30                _au8ToCoNetExtVersionInfo
 .rodata.au8SpeedCodeToEepromClkDivisors
                0x00080b3c        0x8 /cygdrive/c/TWESDK/Wks_ToCoNet/App_IO/../../Wks_libToCoNet/libToCoNet/lib/libToCoNetExt_JN5164.a(PDM_EEPROM.o)
 .rodata.u8CRCTable
                0x00080b44      0x100 /cygdrive/c/TWESDK/Wks_ToCoNet/App_IO/../../Wks_libToCoNet/libToCoNet/lib/libToCoNetUtils_JN5164.a(ccitt8.o)
 .rodata.str1.1
                0x00080c44        0x7 /cygdrive/c/TWESDK/Wks_ToCoNet/App_IO/../../Wks_libToCoNet/libToCoNet/lib/libToCoNetUtils_JN5164.a(fprintf.o)
 .rodata.au8ToCoNetUtilsVersionInfo
                0x00080c4b        0xc /cygdrive/c/TWESDK/Wks_ToCoNet/App_IO/../../Wks_libToCoNet/libToCoNet/lib/libToCoNetUtils_JN5164.a(Version.o)
                0x00080c4b                _au8ToCoNetUtilsVersionInfo
 *fill*         0x00080c57        0x1 00
 .rodata.s_sPibInit
                0x00080c58       0x18 /cygdrive/c/TWESDK/516x/Components/Library/libMac_JN516x.a(mac_pib_mlme.o)
 .rodata.aeXcvPhyEvtToScanEvt.4240
                0x00080c70       0x18 /cygdrive/c/TWESDK/516x/Components/Library/libMac_JN516x.a(mac_scan.o)
 .rodata.aeXcvBbcEvtToScanEvt.4230
                0x00080c88        0xa /cygdrive/c/TWESDK/516x/Components/Library/libMac_JN516x.a(mac_scan.o)
 .rodata.s_atScanEvtST
                0x00080c92       0x31 /cygdrive/c/TWESDK/516x/Components/Library/libMac_JN516x.a(mac_scan.o)
 *fill*         0x00080cc3        0x1 00
 .rodata.s_aprScanHandleEvt
                0x00080cc4       0x30 /cygdrive/c/TWESDK/516x/Components/Library/libMac_JN516x.a(mac_scan.o)
 .rodata.psTAMcontext
                0x00080cf4        0x4 /cygdrive/c/TWESDK/516x/Components/Library/libMac_JN516x.a(TAM.o)
                0x00080cf4                _psTAMcontext
 .rodata.psTamMacContext
                0x00080cf8        0x4 /cygdrive/c/TWESDK/516x/Components/Library/libMac_JN516x.a(TAM.o)
                0x00080cf8                _psTamMacContext
 .rodata.psTamXcvContext
                0x00080cfc        0x4 /cygdrive/c/TWESDK/516x/Components/Library/libMac_JN516x.a(TAM.o)
                0x00080cfc                _psTamXcvContext
 .rodata.au8XcvToTAMevent.4757
                0x00080d00        0xa /cygdrive/c/TWESDK/516x/Components/Library/libMac_JN516x.a(TAM.o)
 .rodata.au8HeaderSize.4215
                0x00080d0a        0xe /cygdrive/c/TWESDK/516x/Components/Library/libMac_JN516x.a(TAMcommon.o)
 .rodata.apvActionCalls
                0x00080d18       0x88 /cygdrive/c/TWESDK/516x/Components/Library/libMac_JN516x.a(TAMevent.o)
                0x00080d18                _apvActionCalls
 .rodata.au8StateActions
                0x00080da0       0x8c /cygdrive/c/TWESDK/516x/Components/Library/libMac_JN516x.a(TAMevent.o)
                0x00080da0                _au8StateActions
 .rodata.au8SizeInc.4433
                0x00080e2c        0x9 /cygdrive/c/TWESDK/516x/Components/Library/libMac_JN516x.a(TAMsecurity.o)
 .rodata.au8MICLenLUT.3714
                0x00080e35        0x4 /cygdrive/c/TWESDK/516x/Components/Library/libMac_JN516x.a(TAMsecurity.o)
 .rodata.au8FlashWaitStates32MXO
                0x00080e39        0x8 /cygdrive/c/TWESDK/516x/Components/Library/libHardwareApi_JN516x.a(AHI_System.o)
 .rodata.au8FlashWaitStatesHSRCO
                0x00080e41        0x8 /cygdrive/c/TWESDK/516x/Components/Library/libHardwareApi_JN516x.a(AHI_System.o)
 *fill*         0x00080e49        0x3 00
 .rodata.au32TimerBaseAddress
                0x00080e4c       0x14 /cygdrive/c/TWESDK/516x/Components/Library/libHardwareApi_JN516x.a(AHI_Timer.o)
 .rodata.au32UartAddrOffset
                0x00080e60        0x8 /cygdrive/c/TWESDK/516x/Components/Library/libHardwareApi_JN516x.a(AHI_Uart.o)
                0x00080e60                _au32UartAddrOffset
 .rodata.au8dataSizeTable
                0x00080e68        0xd /cygdrive/c/TWESDK/516x/Components/Library/libAes_JN516x.a(AEScoprocessorAPI.o)
                0x00080e68                _au8dataSizeTable

.text           0x00080e78     0xf386
 *(.text*)
 .text.cbToCoNet_vNwkEvent
                0x00080e78        0x3 objs_JN5164/Master.o
                0x00080e78                _cbToCoNet_vNwkEvent
 .text.vConfig_SetDefaults
                0x00080e7b       0x53 objs_JN5164/Master.o
 .text.cbToCoNet_u8HwInt
                0x00080ece       0x7b objs_JN5164/Master.o
                0x00080ece                _cbToCoNet_u8HwInt
 .text.cbToCoNet_vTxEvent
                0x00080f49       0x32 objs_JN5164/Master.o
                0x00080f49                _cbToCoNet_vTxEvent
 .text.vChangeChannelPreset
                0x00080f7b       0x23 objs_JN5164/Master.o
 .text.vConfig_UnSetAll
                0x00080f9e        0xc objs_JN5164/Master.o
 .text.vSerUpdateScreen
                0x00080faa      0x48f objs_JN5164/Master.o
 .text.vSerInitMessage
                0x00081439       0x84 objs_JN5164/Master.o
 .text.i16TransmitIoData
                0x000814bd      0x1d6 objs_JN5164/Master.o
 .text.cbToCoNet_vHwEvent
                0x00081693      0x31a objs_JN5164/Master.o
                0x00081693                _cbToCoNet_vHwEvent
 .text.bCheckDupPacket
                0x000819ad       0x3b objs_JN5164/Master.o
 .text.i16TransmitRepeat
                0x000819e8       0xaa objs_JN5164/Master.o
 .text.cbToCoNet_vRxEvent
                0x00081a92      0x524 objs_JN5164/Master.o
                0x00081a92                _cbToCoNet_vRxEvent
 .text.vProcessInputByte
                0x00081fb6      0x818 objs_JN5164/Master.o
 *fill*         0x000827ce        0x2 00
 .text.cbToCoNet_vMain
                0x000827d0      0xa88 objs_JN5164/Master.o
                0x000827d0                _cbToCoNet_vMain
 .text.vSleep   0x00083258       0x72 objs_JN5164/Master.o
 .text.vSerialInit
                0x000832ca       0xa4 objs_JN5164/Master.o
 .text.vInitHardware
                0x0008336e      0x18b objs_JN5164/Master.o
 .text.vInitHardware_IOs
                0x000834f9      0x1f1 objs_JN5164/Master.o
 .text.cbAppWarmStart
                0x000836ea       0xfe objs_JN5164/Master.o
                0x000836ea                _cbAppWarmStart
 .text.cbAppColdStart
                0x000837e8      0x414 objs_JN5164/Master.o
                0x000837e8                _cbAppColdStart
 .text.vProcessEvCoreSlp
                0x00083bfc      0x3d0 objs_JN5164/Master.o
 .text.vProcessEvCore
                0x00083fcc       0x67 objs_JN5164/Master.o
 .text.vProcessEvCorePwr
                0x00084033      0x38f objs_JN5164/Master.o
 .text.vModbOut_MySerial
                0x000843c2       0x6d objs_JN5164/common.o
                0x000843c2                _vModbOut_MySerial
 .text.bFlash_Erase
                0x0008442f       0x38 objs_JN5164/flash.o
                0x0008442f                _bFlash_Erase
 .text.bFlash_Write
                0x00084467       0x35 objs_JN5164/flash.o
                0x00084467                _bFlash_Write
 .text.bFlash_Read
                0x0008449c       0x49 objs_JN5164/flash.o
                0x0008449c                _bFlash_Read
 *fill*         0x000844e5        0x3 00
 .text.ModBusAscii_u8Parse
                0x000844e8      0x1cc objs_JN5164/modbus_ascii.o
                0x000844e8                _ModBusAscii_u8Parse
 .text.vPutByte
                0x000846b4       0x43 objs_JN5164/modbus_ascii.o
 .text.vSerOutput_ModbusAscii
                0x000846f7       0x82 objs_JN5164/modbus_ascii.o
                0x000846f7                _vSerOutput_ModbusAscii
 .text.INPSTR_vStart
                0x00084779       0x14 objs_JN5164/input_string.o
                0x00084779                _INPSTR_vStart
 .text.INPSTR_u8InputByte
                0x0008478d       0xd9 objs_JN5164/input_string.o
                0x0008478d                _INPSTR_u8InputByte
 .text.INPSTR_vInit
                0x00084866       0x18 objs_JN5164/input_string.o
                0x00084866                _INPSTR_vInit
 .text.DUPCHK_bFind
                0x0008487e       0x48 objs_JN5164/duplicate_checker.o
                0x0008487e                _DUPCHK_bFind
 .text.DUPCHK_vAdd
                0x000848c6       0x73 objs_JN5164/duplicate_checker.o
                0x000848c6                _DUPCHK_vAdd
 .text.DUPCHK_vInit
                0x00084939        0xb objs_JN5164/duplicate_checker.o
                0x00084939                _DUPCHK_vInit
 .text.PRSEV_u8Register
                0x00084944       0x32 /cygdrive/c/TWESDK/Wks_ToCoNet/App_IO/../../Wks_libToCoNet/libToCoNet/lib/libToCoNet_JN5164.a(ToCoNet_event.o)
                0x00084944                _PRSEV_u8Register
 .text.PRSEV_vSetStateAll
                0x00084976       0x3b /cygdrive/c/TWESDK/Wks_ToCoNet/App_IO/../../Wks_libToCoNet/libToCoNet/lib/libToCoNet_JN5164.a(ToCoNet_event.o)
                0x00084976                _PRSEV_vSetStateAll
 .text.PRSEV_vSetState
                0x000849b1       0x10 /cygdrive/c/TWESDK/Wks_ToCoNet/App_IO/../../Wks_libToCoNet/libToCoNet/lib/libToCoNet_JN5164.a(ToCoNet_event.o)
                0x000849b1                _PRSEV_vSetState
 .text.PRSEV_vProcessEv_core
                0x000849c1       0x8f /cygdrive/c/TWESDK/Wks_ToCoNet/App_IO/../../Wks_libToCoNet/libToCoNet/lib/libToCoNet_JN5164.a(ToCoNet_event.o)
 .text.PRSEV_vProcessEvPost
                0x00084a50       0x35 /cygdrive/c/TWESDK/Wks_ToCoNet/App_IO/../../Wks_libToCoNet/libToCoNet/lib/libToCoNet_JN5164.a(ToCoNet_event.o)
                0x00084a50                _PRSEV_vProcessEvPost
 .text._PRSEV_vProcessEv
                0x00084a85       0x16 /cygdrive/c/TWESDK/Wks_ToCoNet/App_IO/../../Wks_libToCoNet/libToCoNet/lib/libToCoNet_JN5164.a(ToCoNet_event.o)
                0x00084a85                __PRSEV_vProcessEv
 .text._PRSEV_vProcessEvSingle
                0x00084a9b       0x14 /cygdrive/c/TWESDK/Wks_ToCoNet/App_IO/../../Wks_libToCoNet/libToCoNet/lib/libToCoNet_JN5164.a(ToCoNet_event.o)
                0x00084a9b                __PRSEV_vProcessEvSingle
 .text._PRSEV_vProcessEvSingleH
                0x00084aaf       0x16 /cygdrive/c/TWESDK/Wks_ToCoNet/App_IO/../../Wks_libToCoNet/libToCoNet/lib/libToCoNet_JN5164.a(ToCoNet_event.o)
                0x00084aaf                __PRSEV_vProcessEvSingleH
 .text.ToCoNet_Event_StateExec
                0x00084ac5       0x31 /cygdrive/c/TWESDK/Wks_ToCoNet/App_IO/../../Wks_libToCoNet/libToCoNet/lib/libToCoNet_JN5164.a(ToCoNet_event.o)
                0x00084ac5                _ToCoNet_Event_StateExec
 .text.PRSEV_vInit
                0x00084af6       0x4d /cygdrive/c/TWESDK/Wks_ToCoNet/App_IO/../../Wks_libToCoNet/libToCoNet/lib/libToCoNet_JN5164.a(ToCoNet_event.o)
                0x00084af6                _PRSEV_vInit
 .text.ToCoNet_vDebugInit
                0x00084b43        0x9 /cygdrive/c/TWESDK/Wks_ToCoNet/App_IO/../../Wks_libToCoNet/libToCoNet/lib/libToCoNet_JN5164.a(ToCoNet_main.o)
                0x00084b43                _ToCoNet_vDebugInit
 .text.ToCoNet_vDebugLevel
                0x00084b4c        0x9 /cygdrive/c/TWESDK/Wks_ToCoNet/App_IO/../../Wks_libToCoNet/libToCoNet/lib/libToCoNet_JN5164.a(ToCoNet_main.o)
                0x00084b4c                _ToCoNet_vDebugLevel
 .text._ToCoNet_bRaisePanic
                0x00084b55       0x3b /cygdrive/c/TWESDK/Wks_ToCoNet/App_IO/../../Wks_libToCoNet/libToCoNet/lib/libToCoNet_JN5164.a(ToCoNet_main.o)
                0x00084b55                __ToCoNet_bRaisePanic
 .text.ToCoNet_bRegisterAesKey
                0x00084b90       0x1a /cygdrive/c/TWESDK/Wks_ToCoNet/App_IO/../../Wks_libToCoNet/libToCoNet/lib/libToCoNet_JN5164.a(ToCoNet_main.o)
                0x00084b90                _ToCoNet_bRegisterAesKey
 .text.ToCoNet_bMacTxReq
                0x00084baa       0xfe /cygdrive/c/TWESDK/Wks_ToCoNet/App_IO/../../Wks_libToCoNet/libToCoNet/lib/libToCoNet_JN5164.a(ToCoNet_main.o)
                0x00084baa                _ToCoNet_bMacTxReq
 .text.ToCoNet_vRfConfig
                0x00084ca8        0x6 /cygdrive/c/TWESDK/Wks_ToCoNet/App_IO/../../Wks_libToCoNet/libToCoNet/lib/libToCoNet_JN5164.a(ToCoNet_main.o)
                0x00084ca8                _ToCoNet_vRfConfig
 .text.ToCoNet_vMacStart
                0x00084cae       0x11 /cygdrive/c/TWESDK/Wks_ToCoNet/App_IO/../../Wks_libToCoNet/libToCoNet/lib/libToCoNet_JN5164.a(ToCoNet_main.o)
                0x00084cae                _ToCoNet_vMacStart
 .text.ToCoNet_vMain
                0x00084cbf      0x26c /cygdrive/c/TWESDK/Wks_ToCoNet/App_IO/../../Wks_libToCoNet/libToCoNet/lib/libToCoNet_JN5164.a(ToCoNet_main.o)
                0x00084cbf                _ToCoNet_vMain
 .text.vProcessEvCoreMac
                0x00084f2b       0x7a /cygdrive/c/TWESDK/Wks_ToCoNet/App_IO/../../Wks_libToCoNet/libToCoNet/lib/libToCoNet_JN5164.a(ToCoNet_main.o)
                0x00084f2b                _vProcessEvCoreMac
 .text.ToCoNet_vStart
                0x00084fa5      0x3e2 /cygdrive/c/TWESDK/Wks_ToCoNet/App_IO/../../Wks_libToCoNet/libToCoNet/lib/libToCoNet_JN5164.a(ToCoNet_main.o)
                0x00084fa5                _ToCoNet_vStart
 .text.ToCoNet_vInit
                0x00085387      0x135 /cygdrive/c/TWESDK/Wks_ToCoNet/App_IO/../../Wks_libToCoNet/libToCoNet/lib/libToCoNet_JN5164.a(ToCoNet_main.o)
                0x00085387                _ToCoNet_vInit
 .text.u8HwEventHandler
                0x000854bc       0x27 /cygdrive/c/TWESDK/Wks_ToCoNet/App_IO/../../Wks_libToCoNet/libToCoNet/lib/libToCoNet_JN5164.a(ToCoNet_main.o)
 .text.ToCoNet_u32GetVersion
                0x000854e3       0x21 /cygdrive/c/TWESDK/Wks_ToCoNet/App_IO/../../Wks_libToCoNet/libToCoNet/lib/libToCoNet_JN5164.a(ToCoNet_utils.o)
                0x000854e3                _ToCoNet_u32GetVersion
 .text.ToCoNet_u32GetVersion_LibEx
                0x00085504       0x21 /cygdrive/c/TWESDK/Wks_ToCoNet/App_IO/../../Wks_libToCoNet/libToCoNet/lib/libToCoNet_JN5164.a(ToCoNet_utils.o)
                0x00085504                _ToCoNet_u32GetVersion_LibEx
 .text.ToCoNet_u32GetVersion_LibUtils
                0x00085525       0x21 /cygdrive/c/TWESDK/Wks_ToCoNet/App_IO/../../Wks_libToCoNet/libToCoNet/lib/libToCoNet_JN5164.a(ToCoNet_utils.o)
                0x00085525                _ToCoNet_u32GetVersion_LibUtils
 .text.ToCoNet_u16GetPanId
                0x00085546        0x9 /cygdrive/c/TWESDK/Wks_ToCoNet/App_IO/../../Wks_libToCoNet/libToCoNet/lib/libToCoNet_JN5164.a(ToCoNet_utils.o)
                0x00085546                _ToCoNet_u16GetPanId
 .text.ToCoNet_u32GetSerial
                0x0008554f        0x9 /cygdrive/c/TWESDK/Wks_ToCoNet/App_IO/../../Wks_libToCoNet/libToCoNet/lib/libToCoNet_JN5164.a(ToCoNet_utils.o)
                0x0008554f                _ToCoNet_u32GetSerial
 .text.ToCoNet_u32GetRand
                0x00085558       0x65 /cygdrive/c/TWESDK/Wks_ToCoNet/App_IO/../../Wks_libToCoNet/libToCoNet/lib/libToCoNet_JN5164.a(ToCoNet_utils.o)
                0x00085558                _ToCoNet_u32GetRand
 .text.ToCoNet_vSleep
                0x000855bd      0x12b /cygdrive/c/TWESDK/Wks_ToCoNet/App_IO/../../Wks_libToCoNet/libToCoNet/lib/libToCoNet_JN5164.a(ToCoNet_utils.o)
                0x000855bd                _ToCoNet_vSleep
 .text.ToCoNet_vReg_mod_Tx_Standard
                0x000856e8       0x1d /cygdrive/c/TWESDK/Wks_ToCoNet/App_IO/../../Wks_libToCoNet/libToCoNet/lib/libToCoNet_JN5164.a(ToCoNet_mod_Tx.o)
                0x000856e8                _ToCoNet_vReg_mod_Tx_Standard
 .text.vProcessEvCoreTx
                0x00085705       0x67 /cygdrive/c/TWESDK/Wks_ToCoNet/App_IO/../../Wks_libToCoNet/libToCoNet/lib/libToCoNet_JN5164.a(ToCoNet_mod_Tx.o)
 .text.vHnd_E_STATE_FINISH_TX_SUCCESS
                0x0008576c       0x9b /cygdrive/c/TWESDK/Wks_ToCoNet/App_IO/../../Wks_libToCoNet/libToCoNet/lib/libToCoNet_JN5164.a(ToCoNet_mod_Tx.o)
 .text.vHnd_E_STATE_WAIT_TX
                0x00085807       0x71 /cygdrive/c/TWESDK/Wks_ToCoNet/App_IO/../../Wks_libToCoNet/libToCoNet/lib/libToCoNet_JN5164.a(ToCoNet_mod_Tx.o)
 .text.vHnd_E_STATE_PREPARE_TX
                0x00085878      0x160 /cygdrive/c/TWESDK/Wks_ToCoNet/App_IO/../../Wks_libToCoNet/libToCoNet/lib/libToCoNet_JN5164.a(ToCoNet_mod_Tx.o)
 .text.vHnd_E_STATE_IDLE
                0x000859d8       0x49 /cygdrive/c/TWESDK/Wks_ToCoNet/App_IO/../../Wks_libToCoNet/libToCoNet/lib/libToCoNet_JN5164.a(ToCoNet_mod_Tx.o)
 .text.vHnd_E_STATE_RUNNING
                0x00085a21      0x202 /cygdrive/c/TWESDK/Wks_ToCoNet/App_IO/../../Wks_libToCoNet/libToCoNet/lib/libToCoNet_JN5164.a(ToCoNet_mod_Tx.o)
 .text.vHnd_E_STATE_FINISH_TX_FAIL
                0x00085c23       0xc2 /cygdrive/c/TWESDK/Wks_ToCoNet/App_IO/../../Wks_libToCoNet/libToCoNet/lib/libToCoNet_JN5164.a(ToCoNet_mod_Tx.o)
 .text.ToCoNet_vReg_mod_TxRxQueueMid
                0x00085ce5       0x84 /cygdrive/c/TWESDK/Wks_ToCoNet/App_IO/../../Wks_libToCoNet/libToCoNet/lib/libToCoNet_JN5164.a(ToCoNet_mod_TxRxQueue.o)
                0x00085ce5                _ToCoNet_vReg_mod_TxRxQueueMid
 .text.ToCoNet_vRxProc_App
                0x00085d69       0x81 /cygdrive/c/TWESDK/Wks_ToCoNet/App_IO/../../Wks_libToCoNet/libToCoNet/lib/libToCoNet_JN5164.a(ToCoNet_mod_Nwk_Common.o)
                0x00085d69                _ToCoNet_vRxProc_App
 .text.ToCoNet_vRxProc_Mod
                0x00085dea       0x49 /cygdrive/c/TWESDK/Wks_ToCoNet/App_IO/../../Wks_libToCoNet/libToCoNet/lib/libToCoNet_JN5164.a(ToCoNet_mod_Nwk_Common.o)
                0x00085dea                _ToCoNet_vRxProc_Mod
 .text.ToCoNet_ChMgr_bCh_Reconfig
                0x00085e33       0x68 /cygdrive/c/TWESDK/Wks_ToCoNet/App_IO/../../Wks_libToCoNet/libToCoNet/lib/libToCoNet_JN5164.a(ToCoNet_mod_Channel_Mgr.o)
                0x00085e33                _ToCoNet_ChMgr_bCh_Reconfig
 .text.ToCoNet_ChMgr_vCh_TxFin
                0x00085e9b       0x30 /cygdrive/c/TWESDK/Wks_ToCoNet/App_IO/../../Wks_libToCoNet/libToCoNet/lib/libToCoNet_JN5164.a(ToCoNet_mod_Channel_Mgr.o)
                0x00085e9b                _ToCoNet_ChMgr_vCh_TxFin
 .text.ToCoNet_ChMgr_bCh_Change
                0x00085ecb       0x28 /cygdrive/c/TWESDK/Wks_ToCoNet/App_IO/../../Wks_libToCoNet/libToCoNet/lib/libToCoNet_JN5164.a(ToCoNet_mod_Channel_Mgr.o)
                0x00085ecb                _ToCoNet_ChMgr_bCh_Change
 .text.ToCoNet_ChMgr_bCh_OnTx
                0x00085ef3       0x6d /cygdrive/c/TWESDK/Wks_ToCoNet/App_IO/../../Wks_libToCoNet/libToCoNet/lib/libToCoNet_JN5164.a(ToCoNet_mod_Channel_Mgr.o)
                0x00085ef3                _ToCoNet_ChMgr_bCh_OnTx
 .text.ToCoNet_ChMgr_psConfig
                0x00085f60       0x41 /cygdrive/c/TWESDK/Wks_ToCoNet/App_IO/../../Wks_libToCoNet/libToCoNet/lib/libToCoNet_JN5164.a(ToCoNet_mod_Channel_Mgr.o)
                0x00085f60                _ToCoNet_ChMgr_psConfig
 .text.ToCoNet_vReg_mod_Channel_Mgr
                0x00085fa1       0x3f /cygdrive/c/TWESDK/Wks_ToCoNet/App_IO/../../Wks_libToCoNet/libToCoNet/lib/libToCoNet_JN5164.a(ToCoNet_mod_Channel_Mgr.o)
                0x00085fa1                _ToCoNet_vReg_mod_Channel_Mgr
 .text.vProcessEvCoreChannelMgr
                0x00085fe0       0x1f /cygdrive/c/TWESDK/Wks_ToCoNet/App_IO/../../Wks_libToCoNet/libToCoNet/lib/libToCoNet_JN5164.a(ToCoNet_mod_Channel_Mgr.o)
 .text.vUpdateChList
                0x00085fff       0x64 /cygdrive/c/TWESDK/Wks_ToCoNet/App_IO/../../Wks_libToCoNet/libToCoNet/lib/libToCoNet_JN5164.a(ToCoNet_mod_Channel_Mgr.o)
 .text.vHnd_E_STATE_RUNNING
                0x00086063       0xd5 /cygdrive/c/TWESDK/Wks_ToCoNet/App_IO/../../Wks_libToCoNet/libToCoNet/lib/libToCoNet_JN5164.a(ToCoNet_mod_Channel_Mgr.o)
 .text.vHnd_E_STATE_IDLE
                0x00086138       0x18 /cygdrive/c/TWESDK/Wks_ToCoNet/App_IO/../../Wks_libToCoNet/libToCoNet/lib/libToCoNet_JN5164.a(ToCoNet_mod_Channel_Mgr.o)
 .text.vFifoInit
                0x00086150       0x14 /cygdrive/c/TWESDK/Wks_ToCoNet/App_IO/../../Wks_libToCoNet/libToCoNet/lib/libToCoNet_JN5164.a(AppQueueApi_ToCoNet.o)
 .text.pvFifoPull
                0x00086164       0x23 /cygdrive/c/TWESDK/Wks_ToCoNet/App_IO/../../Wks_libToCoNet/libToCoNet/lib/libToCoNet_JN5164.a(AppQueueApi_ToCoNet.o)
 .text.psAppQApiGetMcpsBuffer
                0x00086187        0xc /cygdrive/c/TWESDK/Wks_ToCoNet/App_IO/../../Wks_libToCoNet/libToCoNet/lib/libToCoNet_JN5164.a(AppQueueApi_ToCoNet.o)
 .text.psAppQApiGetMlmeBuffer
                0x00086193        0xc /cygdrive/c/TWESDK/Wks_ToCoNet/App_IO/../../Wks_libToCoNet/libToCoNet/lib/libToCoNet_JN5164.a(AppQueueApi_ToCoNet.o)
 .text.psAppQApiReadHwIndT
                0x0008619f        0xc /cygdrive/c/TWESDK/Wks_ToCoNet/App_IO/../../Wks_libToCoNet/libToCoNet/lib/libToCoNet_JN5164.a(AppQueueApi_ToCoNet.o)
                0x0008619f                _psAppQApiReadHwIndT
 .text.psAppQApiReadMcpsIndT
                0x000861ab        0xc /cygdrive/c/TWESDK/Wks_ToCoNet/App_IO/../../Wks_libToCoNet/libToCoNet/lib/libToCoNet_JN5164.a(AppQueueApi_ToCoNet.o)
                0x000861ab                _psAppQApiReadMcpsIndT
 .text.psAppQApiReadMlmeIndT
                0x000861b7        0xc /cygdrive/c/TWESDK/Wks_ToCoNet/App_IO/../../Wks_libToCoNet/libToCoNet/lib/libToCoNet_JN5164.a(AppQueueApi_ToCoNet.o)
                0x000861b7                _psAppQApiReadMlmeIndT
 .text.bFifoPush
                0x000861c3       0x28 /cygdrive/c/TWESDK/Wks_ToCoNet/App_IO/../../Wks_libToCoNet/libToCoNet/lib/libToCoNet_JN5164.a(AppQueueApi_ToCoNet.o)
 .text.vAppQApiPostMcps
                0x000861eb       0x1e /cygdrive/c/TWESDK/Wks_ToCoNet/App_IO/../../Wks_libToCoNet/libToCoNet/lib/libToCoNet_JN5164.a(AppQueueApi_ToCoNet.o)
 .text.vAppQApiPostMlme
                0x00086209       0x22 /cygdrive/c/TWESDK/Wks_ToCoNet/App_IO/../../Wks_libToCoNet/libToCoNet/lib/libToCoNet_JN5164.a(AppQueueApi_ToCoNet.o)
 .text.vAppQApiReturnHwIndBufferT
                0x0008622b        0xe /cygdrive/c/TWESDK/Wks_ToCoNet/App_IO/../../Wks_libToCoNet/libToCoNet/lib/libToCoNet_JN5164.a(AppQueueApi_ToCoNet.o)
                0x0008622b                _vAppQApiReturnHwIndBufferT
 .text.vAppQApiReturnMcpsIndBufferT
                0x00086239        0xe /cygdrive/c/TWESDK/Wks_ToCoNet/App_IO/../../Wks_libToCoNet/libToCoNet/lib/libToCoNet_JN5164.a(AppQueueApi_ToCoNet.o)
                0x00086239                _vAppQApiReturnMcpsIndBufferT
 .text.vAppQApiReturnMlmeIndBufferT
                0x00086247        0xe /cygdrive/c/TWESDK/Wks_ToCoNet/App_IO/../../Wks_libToCoNet/libToCoNet/lib/libToCoNet_JN5164.a(AppQueueApi_ToCoNet.o)
                0x00086247                _vAppQApiReturnMlmeIndBufferT
 .text.u32AppQApiInitT
                0x00086255      0x18f /cygdrive/c/TWESDK/Wks_ToCoNet/App_IO/../../Wks_libToCoNet/libToCoNet/lib/libToCoNet_JN5164.a(AppQueueApi_ToCoNet.o)
                0x00086255                _u32AppQApiInitT
 .text.vAppQApiPostHwIntT
                0x000863e4       0x6e /cygdrive/c/TWESDK/Wks_ToCoNet/App_IO/../../Wks_libToCoNet/libToCoNet/lib/libToCoNet_JN5164.a(AppQueueApi_ToCoNet.o)
 .text.u32AppQApiInitNetwork
                0x00086452       0x22 /cygdrive/c/TWESDK/Wks_ToCoNet/App_IO/../../Wks_libToCoNet/libToCoNet/lib/libToCoNet_JN5164.a(AppQueueApi_ToCoNet.o)
                0x00086452                _u32AppQApiInitNetwork
 .text._ToCoNet_bRfChChannel
                0x00086474       0xaa /cygdrive/c/TWESDK/Wks_ToCoNet/App_IO/../../Wks_libToCoNet/libToCoNet/lib/libToCoNetExt_JN5164.a(AppStart.o)
                0x00086474                __ToCoNet_bRfChChannel
 .text.AppWarmStart
                0x0008651e       0x9d /cygdrive/c/TWESDK/Wks_ToCoNet/App_IO/../../Wks_libToCoNet/libToCoNet/lib/libToCoNetExt_JN5164.a(AppStart.o)
                0x0008651e                _AppWarmStart
 .text._ToCoNet_vMacInit
                0x000865bb       0x2c /cygdrive/c/TWESDK/Wks_ToCoNet/App_IO/../../Wks_libToCoNet/libToCoNet/lib/libToCoNetExt_JN5164.a(AppStart.o)
                0x000865bb                __ToCoNet_vMacInit
 .text._ToCoNet_vRfConfig
                0x000865e7       0xe3 /cygdrive/c/TWESDK/Wks_ToCoNet/App_IO/../../Wks_libToCoNet/libToCoNet/lib/libToCoNetExt_JN5164.a(AppStart.o)
                0x000865e7                __ToCoNet_vRfConfig
 .text.AppColdStart
                0x000866ca      0x4d7 /cygdrive/c/TWESDK/Wks_ToCoNet/App_IO/../../Wks_libToCoNet/libToCoNet/lib/libToCoNetExt_JN5164.a(AppStart.o)
                0x000866ca                _AppColdStart
 .text.ToCoNet_u32GetSerialOnBoot
                0x00086ba1       0x37 /cygdrive/c/TWESDK/Wks_ToCoNet/App_IO/../../Wks_libToCoNet/libToCoNet/lib/libToCoNetExt_JN5164.a(getMacAddr.o)
                0x00086ba1                _ToCoNet_u32GetSerialOnBoot
 .text.Mac_bRxQueueReg
                0x00086bd8       0x34 /cygdrive/c/TWESDK/Wks_ToCoNet/App_IO/../../Wks_libToCoNet/libToCoNet/lib/libToCoNetExt_JN5164.a(mac.o)
                0x00086bd8                _Mac_bRxQueueReg
 .text.Mac_vSetHighDataRate
                0x00086c0c        0x3 /cygdrive/c/TWESDK/Wks_ToCoNet/App_IO/../../Wks_libToCoNet/libToCoNet/lib/libToCoNetExt_JN5164.a(mac.o)
                0x00086c0c                _Mac_vSetHighDataRate
 .text.Mac_vSetCCA
                0x00086c0f       0x32 /cygdrive/c/TWESDK/Wks_ToCoNet/App_IO/../../Wks_libToCoNet/libToCoNet/lib/libToCoNetExt_JN5164.a(mac.o)
                0x00086c0f                _Mac_vSetCCA
 .text.Mac_vSetRetry
                0x00086c41       0x1e /cygdrive/c/TWESDK/Wks_ToCoNet/App_IO/../../Wks_libToCoNet/libToCoNet/lib/libToCoNetExt_JN5164.a(mac.o)
                0x00086c41                _Mac_vSetRetry
 .text.Mac_vReset
                0x00086c5f       0x20 /cygdrive/c/TWESDK/Wks_ToCoNet/App_IO/../../Wks_libToCoNet/libToCoNet/lib/libToCoNetExt_JN5164.a(mac.o)
                0x00086c5f                _Mac_vReset
 .text.bDecodeAES
                0x00086c7f       0xc6 /cygdrive/c/TWESDK/Wks_ToCoNet/App_IO/../../Wks_libToCoNet/libToCoNet/lib/libToCoNetExt_JN5164.a(mac.o)
                0x00086c7f                _bDecodeAES
 .text.bEncodeAES
                0x00086d45       0xbb /cygdrive/c/TWESDK/Wks_ToCoNet/App_IO/../../Wks_libToCoNet/libToCoNet/lib/libToCoNetExt_JN5164.a(mac.o)
                0x00086d45                _bEncodeAES
 .text.Mac_vHandleMcpsDataInd
                0x00086e00      0x2a0 /cygdrive/c/TWESDK/Wks_ToCoNet/App_IO/../../Wks_libToCoNet/libToCoNet/lib/libToCoNetExt_JN5164.a(mac.o)
                0x00086e00                _Mac_vHandleMcpsDataInd
 .text.Mac_bSecureInit
                0x000870a0        0xc /cygdrive/c/TWESDK/Wks_ToCoNet/App_IO/../../Wks_libToCoNet/libToCoNet/lib/libToCoNetExt_JN5164.a(mac.o)
                0x000870a0                _Mac_bSecureInit
 .text.Mac_vInit
                0x000870ac       0x41 /cygdrive/c/TWESDK/Wks_ToCoNet/App_IO/../../Wks_libToCoNet/libToCoNet/lib/libToCoNetExt_JN5164.a(mac.o)
                0x000870ac                _Mac_vInit
 .text.Mac_bTransmit
                0x000870ed      0x1ee /cygdrive/c/TWESDK/Wks_ToCoNet/App_IO/../../Wks_libToCoNet/libToCoNet/lib/libToCoNetExt_JN5164.a(mac.o)
                0x000870ed                _Mac_bTransmit
 .text.bAES_CCM_Encode
                0x000872db       0x1e /cygdrive/c/TWESDK/Wks_ToCoNet/App_IO/../../Wks_libToCoNet/libToCoNet/lib/libToCoNetExt_JN5164.a(AES_CCM.o)
                0x000872db                _bAES_CCM_Encode
 .text.bAES_CCM_Decode
                0x000872f9       0x1e /cygdrive/c/TWESDK/Wks_ToCoNet/App_IO/../../Wks_libToCoNet/libToCoNet/lib/libToCoNetExt_JN5164.a(AES_CCM.o)
                0x000872f9                _bAES_CCM_Decode
 .text.bAES_CCM_KeyReg
                0x00087317       0x4a /cygdrive/c/TWESDK/Wks_ToCoNet/App_IO/../../Wks_libToCoNet/libToCoNet/lib/libToCoNetExt_JN5164.a(AES_CCM.o)
                0x00087317                _bAES_CCM_KeyReg
 .text.bAES_CCM_DecodeKey
                0x00087361       0x6b /cygdrive/c/TWESDK/Wks_ToCoNet/App_IO/../../Wks_libToCoNet/libToCoNet/lib/libToCoNetExt_JN5164.a(AES_CCM.o)
                0x00087361                _bAES_CCM_DecodeKey
 .text.bAES_CCM_EncodeKey
                0x000873cc       0x5c /cygdrive/c/TWESDK/Wks_ToCoNet/App_IO/../../Wks_libToCoNet/libToCoNet/lib/libToCoNetExt_JN5164.a(AES_CCM.o)
                0x000873cc                _bAES_CCM_EncodeKey
 .text.EEP_6x_bRead
                0x00087428       0x48 /cygdrive/c/TWESDK/Wks_ToCoNet/App_IO/../../Wks_libToCoNet/libToCoNet/lib/libToCoNetExt_JN5164.a(eeprom_6x.o)
                0x00087428                _EEP_6x_bRead
 .text.EEP_6x_bWrite
                0x00087470       0x7b /cygdrive/c/TWESDK/Wks_ToCoNet/App_IO/../../Wks_libToCoNet/libToCoNet/lib/libToCoNetExt_JN5164.a(eeprom_6x.o)
                0x00087470                _EEP_6x_bWrite
 .text.vInstallNoAckHandler
                0x000874eb       0x2a /cygdrive/c/TWESDK/Wks_ToCoNet/App_IO/../../Wks_libToCoNet/libToCoNet/lib/libToCoNetExt_JN5164.a(no_ack_handler.o)
                0x000874eb                _vInstallNoAckHandler
 .text.vHandlerPatch
                0x00087515       0x38 /cygdrive/c/TWESDK/Wks_ToCoNet/App_IO/../../Wks_libToCoNet/libToCoNet/lib/libToCoNetExt_JN5164.a(no_ack_handler.o)
 .text.bAHI_ReadIndexSectorPage
                0x0008754d       0x4a /cygdrive/c/TWESDK/Wks_ToCoNet/App_IO/../../Wks_libToCoNet/libToCoNet/lib/libToCoNetExt_JN5164.a(AHI_FlashIndexSector.o)
                0x0008754d                _bAHI_ReadIndexSectorPage
 .text.bAHI_ReadUserData
                0x00087597       0x2a /cygdrive/c/TWESDK/Wks_ToCoNet/App_IO/../../Wks_libToCoNet/libToCoNet/lib/libToCoNetExt_JN5164.a(AHI_FlashIndexSector.o)
                0x00087597                _bAHI_ReadUserData
 .text.bAHI_ReadIndexSectorBit
                0x000875c1       0x39 /cygdrive/c/TWESDK/Wks_ToCoNet/App_IO/../../Wks_libToCoNet/libToCoNet/lib/libToCoNetExt_JN5164.a(AHI_FlashIndexSector.o)
                0x000875c1                _bAHI_ReadIndexSectorBit
 .text.u32AHI_ReadIndexSectorBits
                0x000875fa       0x37 /cygdrive/c/TWESDK/Wks_ToCoNet/App_IO/../../Wks_libToCoNet/libToCoNet/lib/libToCoNetExt_JN5164.a(AHI_FlashIndexSector.o)
                0x000875fa                _u32AHI_ReadIndexSectorBits
 .text.bAHI_ReadCustomerSettings
                0x00087631       0x9b /cygdrive/c/TWESDK/Wks_ToCoNet/App_IO/../../Wks_libToCoNet/libToCoNet/lib/libToCoNetExt_JN5164.a(AHI_FlashIndexSector.o)
                0x00087631                _bAHI_ReadCustomerSettings
 .text.bAHI_ReadMACID
                0x000876cc       0x46 /cygdrive/c/TWESDK/Wks_ToCoNet/App_IO/../../Wks_libToCoNet/libToCoNet/lib/libToCoNetExt_JN5164.a(AHI_FlashIndexSector.o)
                0x000876cc                _bAHI_ReadMACID
 .text.bPDM_InitialiseEEPROM
                0x00087712       0x4d /cygdrive/c/TWESDK/Wks_ToCoNet/App_IO/../../Wks_libToCoNet/libToCoNet/lib/libToCoNetExt_JN5164.a(PDM_EEPROM.o)
                0x00087712                _bPDM_InitialiseEEPROM
 .text.vPDM_WriteEEPROMfixSegmentData
                0x0008775f       0x3e /cygdrive/c/TWESDK/Wks_ToCoNet/App_IO/../../Wks_libToCoNet/libToCoNet/lib/libToCoNetExt_JN5164.a(PDM_EEPROM.o)
                0x0008775f                _vPDM_WriteEEPROMfixSegmentData
 .text.SERIAL_bRxQueueEmpty
                0x0008779d       0x18 /cygdrive/c/TWESDK/Wks_ToCoNet/App_IO/../../Wks_libToCoNet/libToCoNet/lib/libToCoNetUtils_JN5164.a(serial.o)
                0x0008779d                _SERIAL_bRxQueueEmpty
 .text.SERIAL_vTxReady
                0x000877b5       0x36 /cygdrive/c/TWESDK/Wks_ToCoNet/App_IO/../../Wks_libToCoNet/libToCoNet/lib/libToCoNetUtils_JN5164.a(serial.o)
                0x000877b5                _SERIAL_vTxReady
 .text.SERIAL_i16RxChar
                0x000877eb       0x4c /cygdrive/c/TWESDK/Wks_ToCoNet/App_IO/../../Wks_libToCoNet/libToCoNet/lib/libToCoNetUtils_JN5164.a(serial.o)
                0x000877eb                _SERIAL_i16RxChar
 .text.SERIAL_bTxChar
                0x00087837       0x73 /cygdrive/c/TWESDK/Wks_ToCoNet/App_IO/../../Wks_libToCoNet/libToCoNet/lib/libToCoNetUtils_JN5164.a(serial.o)
                0x00087837                _SERIAL_bTxChar
 .text.SERIAL_vInitEx
                0x000878aa       0x90 /cygdrive/c/TWESDK/Wks_ToCoNet/App_IO/../../Wks_libToCoNet/libToCoNet/lib/libToCoNetUtils_JN5164.a(serial.o)
                0x000878aa                _SERIAL_vInitEx
 .text.vRxChar  0x0008793a       0x3e /cygdrive/c/TWESDK/Wks_ToCoNet/App_IO/../../Wks_libToCoNet/libToCoNet/lib/libToCoNetUtils_JN5164.a(serial.o)
 .text.UART_vSetTxInterrupt
                0x00087978       0x1a /cygdrive/c/TWESDK/Wks_ToCoNet/App_IO/../../Wks_libToCoNet/libToCoNet/lib/libToCoNetUtils_JN5164.a(uart.o)
                0x00087978                _UART_vSetTxInterrupt
 .text.UART_bTxReady
                0x00087992        0xf /cygdrive/c/TWESDK/Wks_ToCoNet/App_IO/../../Wks_libToCoNet/libToCoNet/lib/libToCoNetUtils_JN5164.a(uart.o)
                0x00087992                _UART_bTxReady
 .text.UART_vTxChar
                0x000879a1        0x6 /cygdrive/c/TWESDK/Wks_ToCoNet/App_IO/../../Wks_libToCoNet/libToCoNet/lib/libToCoNetUtils_JN5164.a(uart.o)
                0x000879a1                _UART_vTxChar
 .text.UART_vRtsStartFlow
                0x000879a7       0x22 /cygdrive/c/TWESDK/Wks_ToCoNet/App_IO/../../Wks_libToCoNet/libToCoNet/lib/libToCoNetUtils_JN5164.a(uart.o)
                0x000879a7                _UART_vRtsStartFlow
 .text.UART_vRtsStopFlow
                0x000879c9       0x22 /cygdrive/c/TWESDK/Wks_ToCoNet/App_IO/../../Wks_libToCoNet/libToCoNet/lib/libToCoNetUtils_JN5164.a(uart.o)
                0x000879c9                _UART_vRtsStopFlow
 .text.UART_vInit
                0x000879eb      0x1c3 /cygdrive/c/TWESDK/Wks_ToCoNet/App_IO/../../Wks_libToCoNet/libToCoNet/lib/libToCoNetUtils_JN5164.a(uart.o)
                0x000879eb                _UART_vInit
 .text.UART_vHandleUartInterrupt
                0x00087bae       0x8e /cygdrive/c/TWESDK/Wks_ToCoNet/App_IO/../../Wks_libToCoNet/libToCoNet/lib/libToCoNetUtils_JN5164.a(uart.o)
 .text.QUEUE__vInit
                0x00087c3c       0x12 /cygdrive/c/TWESDK/Wks_ToCoNet/App_IO/../../Wks_libToCoNet/libToCoNet/lib/libToCoNetUtils_JN5164.a(ByteQueue.o)
                0x00087c3c                _QUEUE__vInit
 .text.QUEUE__bEmpty
                0x00087c4e        0xe /cygdrive/c/TWESDK/Wks_ToCoNet/App_IO/../../Wks_libToCoNet/libToCoNet/lib/libToCoNetUtils_JN5164.a(ByteQueue.o)
                0x00087c4e                _QUEUE__bEmpty
 .text.QUEUE__bFull
                0x00087c5c       0x11 /cygdrive/c/TWESDK/Wks_ToCoNet/App_IO/../../Wks_libToCoNet/libToCoNet/lib/libToCoNetUtils_JN5164.a(ByteQueue.o)
                0x00087c5c                _QUEUE__bFull
 .text.QUEUE__u16Count
                0x00087c6d        0x6 /cygdrive/c/TWESDK/Wks_ToCoNet/App_IO/../../Wks_libToCoNet/libToCoNet/lib/libToCoNetUtils_JN5164.a(ByteQueue.o)
                0x00087c6d                _QUEUE__u16Count
 .text.QUEUE__vFlush
                0x00087c73       0x26 /cygdrive/c/TWESDK/Wks_ToCoNet/App_IO/../../Wks_libToCoNet/libToCoNet/lib/libToCoNetUtils_JN5164.a(ByteQueue.o)
                0x00087c73                _QUEUE__vFlush
 .text.QUEUE__u8RemoveItem
                0x00087c99       0x66 /cygdrive/c/TWESDK/Wks_ToCoNet/App_IO/../../Wks_libToCoNet/libToCoNet/lib/libToCoNetUtils_JN5164.a(ByteQueue.o)
                0x00087c99                _QUEUE__u8RemoveItem
 .text.QUEUE__vAddItem
                0x00087cff       0x66 /cygdrive/c/TWESDK/Wks_ToCoNet/App_IO/../../Wks_libToCoNet/libToCoNet/lib/libToCoNetUtils_JN5164.a(ByteQueue.o)
                0x00087cff                _QUEUE__vAddItem
 .text.u8CCITT8
                0x00087d65       0x23 /cygdrive/c/TWESDK/Wks_ToCoNet/App_IO/../../Wks_libToCoNet/libToCoNet/lib/libToCoNetUtils_JN5164.a(ccitt8.o)
                0x00087d65                _u8CCITT8
 .text.vPrintString
                0x00087d88       0x7d /cygdrive/c/TWESDK/Wks_ToCoNet/App_IO/../../Wks_libToCoNet/libToCoNet/lib/libToCoNetUtils_JN5164.a(fprintf.o)
 .text.vPrintInteger
                0x00087e05       0xac /cygdrive/c/TWESDK/Wks_ToCoNet/App_IO/../../Wks_libToCoNet/libToCoNet/lib/libToCoNetUtils_JN5164.a(fprintf.o)
 .text.vfPrintf
                0x00087eb1      0x1d4 /cygdrive/c/TWESDK/Wks_ToCoNet/App_IO/../../Wks_libToCoNet/libToCoNet/lib/libToCoNetUtils_JN5164.a(fprintf.o)
                0x00087eb1                _vfPrintf
 .text.u32string2hex
                0x00088085       0x5e /cygdrive/c/TWESDK/Wks_ToCoNet/App_IO/../../Wks_libToCoNet/libToCoNet/lib/libToCoNetUtils_JN5164.a(sprintf.o)
                0x00088085                _u32string2hex
 .text.u32string2dec
                0x000880e3       0x61 /cygdrive/c/TWESDK/Wks_ToCoNet/App_IO/../../Wks_libToCoNet/libToCoNet/lib/libToCoNetUtils_JN5164.a(sprintf.o)
                0x000880e3                _u32string2dec
 .text.vWait    0x00088144       0x19 /cygdrive/c/TWESDK/Wks_ToCoNet/App_IO/../../Wks_libToCoNet/libToCoNet/lib/libToCoNetUtils_JN5164.a(utils.o)
                0x00088144                _vWait
 .text.vTimerStop
                0x0008815d       0x39 /cygdrive/c/TWESDK/Wks_ToCoNet/App_IO/../../Wks_libToCoNet/libToCoNet/lib/libToCoNetUtils_JN5164.a(utils.o)
                0x0008815d                _vTimerStop
 .text.vTimerStart
                0x00088196       0xa7 /cygdrive/c/TWESDK/Wks_ToCoNet/App_IO/../../Wks_libToCoNet/libToCoNet/lib/libToCoNetUtils_JN5164.a(utils.o)
                0x00088196                _vTimerStart
 *fill*         0x0008823d        0x3 00
 .text.vTimerConfig
                0x00088240      0x190 /cygdrive/c/TWESDK/Wks_ToCoNet/App_IO/../../Wks_libToCoNet/libToCoNet/lib/libToCoNetUtils_JN5164.a(utils.o)
                0x00088240                _vTimerConfig
 .text.bBTM_GetState
                0x000883d0       0x51 /cygdrive/c/TWESDK/Wks_ToCoNet/App_IO/../../Wks_libToCoNet/libToCoNet/lib/libToCoNetUtils_JN5164.a(btnMgr.o)
                0x000883d0                _bBTM_GetState
 .text.vBTM_Enable
                0x00088421       0x24 /cygdrive/c/TWESDK/Wks_ToCoNet/App_IO/../../Wks_libToCoNet/libToCoNet/lib/libToCoNetUtils_JN5164.a(btnMgr.o)
                0x00088421                _vBTM_Enable
 .text.vBTM_Init_Common
                0x00088445       0x3a /cygdrive/c/TWESDK/Wks_ToCoNet/App_IO/../../Wks_libToCoNet/libToCoNet/lib/libToCoNetUtils_JN5164.a(btnMgr.o)
 .text.prBTM_InitExternal
                0x0008847f       0x74 /cygdrive/c/TWESDK/Wks_ToCoNet/App_IO/../../Wks_libToCoNet/libToCoNet/lib/libToCoNetUtils_JN5164.a(btnMgr.o)
                0x0008847f                _prBTM_InitExternal
 .text.vBTM_TimerISR
                0x000884f3      0x138 /cygdrive/c/TWESDK/Wks_ToCoNet/App_IO/../../Wks_libToCoNet/libToCoNet/lib/libToCoNetUtils_JN5164.a(btnMgr.o)
 .text.vBTM_ISR
                0x0008862b       0x37 /cygdrive/c/TWESDK/Wks_ToCoNet/App_IO/../../Wks_libToCoNet/libToCoNet/lib/libToCoNetUtils_JN5164.a(btnMgr.o)
 .text.pvAppApiDefGetMacHandle
                0x00088662        0x9 /cygdrive/c/TWESDK/516x/Components/Library/libAppApi_JN516x.a(AppApi.o)
                0x00088662                _pvAppApiDefGetMacHandle
 .text.vAppApiDefSetPrbsSeed
                0x0008866b       0x24 /cygdrive/c/TWESDK/516x/Components/Library/libAppApi_JN516x.a(AppApi.o)
                0x0008866b                _vAppApiDefSetPrbsSeed
 .text.pvAppApiDefGetMacAddrLocation
                0x0008868f        0x9 /cygdrive/c/TWESDK/516x/Components/Library/libAppApi_JN516x.a(AppApi.o)
                0x0008868f                _pvAppApiDefGetMacAddrLocation
 .text.vAppApiDefSetInterrupts
                0x00088698       0x3d /cygdrive/c/TWESDK/516x/Components/Library/libAppApi_JN516x.a(AppApi.o)
                0x00088698                _vAppApiDefSetInterrupts
 .text.vAppApiDefPowerUp
                0x000886d5       0x26 /cygdrive/c/TWESDK/516x/Components/Library/libAppApi_JN516x.a(AppApi.o)
                0x000886d5                _vAppApiDefPowerUp
 .text.vAppApiDefStartStack
                0x000886fb       0x51 /cygdrive/c/TWESDK/516x/Components/Library/libAppApi_JN516x.a(AppApi.o)
                0x000886fb                _vAppApiDefStartStack
 .text.u32AppApiDefInit
                0x0008874c       0x5a /cygdrive/c/TWESDK/516x/Components/Library/libAppApi_JN516x.a(AppApi.o)
                0x0008874c                _u32AppApiDefInit
 .text.eAppApiDefPlmeGet
                0x000887a6       0x33 /cygdrive/c/TWESDK/516x/Components/Library/libAppApi_JN516x.a(AppApi.o)
                0x000887a6                _eAppApiDefPlmeGet
 .text.vAppApiDefMcpsRequest
                0x000887d9       0x32 /cygdrive/c/TWESDK/516x/Components/Library/libAppApi_JN516x.a(AppApi.o)
                0x000887d9                _vAppApiDefMcpsRequest
 .text.vAppApiDefMlmeRequest
                0x0008880b       0x32 /cygdrive/c/TWESDK/516x/Components/Library/libAppApi_JN516x.a(AppApi.o)
                0x0008880b                _vAppApiDefMlmeRequest
 .text.eAppApiDefPlmeSet
                0x0008883d       0x33 /cygdrive/c/TWESDK/516x/Components/Library/libAppApi_JN516x.a(AppApi.o)
                0x0008883d                _eAppApiDefPlmeSet
 .text.vAppApiDefSaveMacSettings
                0x00088870       0x5d /cygdrive/c/TWESDK/516x/Components/Library/libAppApi_JN516x.a(AppApiSleep.o)
                0x00088870                _vAppApiDefSaveMacSettings
 .text.vMAC_RestoreSettings
                0x000888cd       0xc8 /cygdrive/c/TWESDK/516x/Components/Library/libAppApi_JN516x.a(AppApiSleep.o)
                0x000888cd                _vMAC_RestoreSettings
 .text.vAppApiDefRestoreMacSettings
                0x00088995       0x25 /cygdrive/c/TWESDK/516x/Components/Library/libAppApi_JN516x.a(AppApiSleep.o)
                0x00088995                _vAppApiDefRestoreMacSettings
 .text.vSetTimer0
                0x000889ba        0xf /cygdrive/c/TWESDK/516x/Components/Library/libMac_JN516x.a(mac_main.o)
                0x000889ba                _vSetTimer0
 .text.u32GetTimer0
                0x000889c9        0x7 /cygdrive/c/TWESDK/516x/Components/Library/libMac_JN516x.a(mac_main.o)
                0x000889c9                _u32GetTimer0
 .text.MAC_vXcvPhyEvtHandler
                0x000889d0       0x10 /cygdrive/c/TWESDK/516x/Components/Library/libMac_JN516x.a(mac_main.o)
                0x000889d0                _MAC_vXcvPhyEvtHandler
 .text.MAC_vXcvBbcEvtHandler
                0x000889e0       0x20 /cygdrive/c/TWESDK/516x/Components/Library/libMac_JN516x.a(mac_main.o)
                0x000889e0                _MAC_vXcvBbcEvtHandler
 .text.mac_vInitTimer0
                0x00088a00       0x20 /cygdrive/c/TWESDK/516x/Components/Library/libMac_JN516x.a(mac_main.o)
                0x00088a00                _mac_vInitTimer0
 .text.MAC_pvCtor
                0x00088a20       0x82 /cygdrive/c/TWESDK/516x/Components/Library/libMac_JN516x.a(mac_main.o)
                0x00088a20                _MAC_pvCtor
 .text.MAC_vHandleMcpsReqRsp
                0x00088aa2       0x2d /cygdrive/c/TWESDK/516x/Components/Library/libMac_JN516x.a(mac_mcps.o)
                0x00088aa2                _MAC_vHandleMcpsReqRsp
 .text.vHandleTofRequest
                0x00088acf       0x12 /cygdrive/c/TWESDK/516x/Components/Library/libMac_JN516x.a(mac_mlme.o)
 *fill*         0x00088ae1        0x3 00
 .text.MAC_vHandleMlmeReqRsp
                0x00088ae4       0xb4 /cygdrive/c/TWESDK/516x/Components/Library/libMac_JN516x.a(mac_mlme.o)
                0x00088ae4                _MAC_vHandleMlmeReqRsp
 .text.MAC_psPibGetHandle
                0x00088b98        0x7 /cygdrive/c/TWESDK/516x/Components/Library/libMac_JN516x.a(mac_pib.o)
                0x00088b98                _MAC_psPibGetHandle
 .text.MAC_vPibSetShortAddr
                0x00088b9f        0xe /cygdrive/c/TWESDK/516x/Components/Library/libMac_JN516x.a(mac_pib.o)
                0x00088b9f                _MAC_vPibSetShortAddr
 .text.MAC_vPibSetPanId
                0x00088bad       0x1b /cygdrive/c/TWESDK/516x/Components/Library/libMac_JN516x.a(mac_pib.o)
                0x00088bad                _MAC_vPibSetPanId
 .text.MAC_vPibSetMinBe
                0x00088bc8       0x1e /cygdrive/c/TWESDK/516x/Components/Library/libMac_JN516x.a(mac_pib.o)
                0x00088bc8                _MAC_vPibSetMinBe
 .text.MAC_vPibSetMaxCsmaBackoffs
                0x00088be6       0x21 /cygdrive/c/TWESDK/516x/Components/Library/libMac_JN516x.a(mac_pib.o)
                0x00088be6                _MAC_vPibSetMaxCsmaBackoffs
 .text.MAC_vSetExtAddr
                0x00088c07       0x1f /cygdrive/c/TWESDK/516x/Components/Library/libMac_JN516x.a(mac_pib.o)
                0x00088c07                _MAC_vSetExtAddr
 .text.MAC_vPibSetRxOnWhenIdle
                0x00088c26       0x13 /cygdrive/c/TWESDK/516x/Components/Library/libMac_JN516x.a(mac_pib.o)
                0x00088c26                _MAC_vPibSetRxOnWhenIdle
 .text.MAC_vPibSetPromiscuousMode
                0x00088c39       0x40 /cygdrive/c/TWESDK/516x/Components/Library/libMac_JN516x.a(mac_pib.o)
                0x00088c39                _MAC_vPibSetPromiscuousMode
 .text.mac_vPibCmpCoordExtAddr
                0x00088c79       0x29 /cygdrive/c/TWESDK/516x/Components/Library/libMac_JN516x.a(mac_pib_mlme.o)
                0x00088c79                _mac_vPibCmpCoordExtAddr
 .text.mac_vPibReset
                0x00088ca2       0x87 /cygdrive/c/TWESDK/516x/Components/Library/libMac_JN516x.a(mac_pib_mlme.o)
                0x00088ca2                _mac_vPibReset
 .text.mac_vPibSetDefaults
                0x00088d29      0x12e /cygdrive/c/TWESDK/516x/Components/Library/libMac_JN516x.a(mac_pib_mlme.o)
                0x00088d29                _mac_vPibSetDefaults
 .text.vPMICreset
                0x00088e57        0xd /cygdrive/c/TWESDK/516x/Components/Library/libMac_JN516x.a(mac_pmic.o)
                0x00088e57                _vPMICreset
 .text.vPMICpostFailedAssocDcfm
                0x00088e64       0x3d /cygdrive/c/TWESDK/516x/Components/Library/libMac_JN516x.a(mac_pmic.o)
                0x00088e64                _vPMICpostFailedAssocDcfm
 .text.vPMICassocReqTO_2
                0x00088ea1       0x1d /cygdrive/c/TWESDK/516x/Components/Library/libMac_JN516x.a(mac_pmic.o)
 .text.vPMICassocReqFrameReceived
                0x00088ebe       0x79 /cygdrive/c/TWESDK/516x/Components/Library/libMac_JN516x.a(mac_pmic.o)
                0x00088ebe                _vPMICassocReqFrameReceived
 .text.vPMICdisassocReceived
                0x00088f37       0x93 /cygdrive/c/TWESDK/516x/Components/Library/libMac_JN516x.a(mac_pmic.o)
                0x00088f37                _vPMICdisassocReceived
 .text.vPMICassocRespFrameReceived
                0x00088fca       0x93 /cygdrive/c/TWESDK/516x/Components/Library/libMac_JN516x.a(mac_pmic.o)
                0x00088fca                _vPMICassocRespFrameReceived
 .text.vPMICassocReqTO_1
                0x0008905d       0x8c /cygdrive/c/TWESDK/516x/Components/Library/libMac_JN516x.a(mac_pmic.o)
 .text.vPMICdisassociateRequest
                0x000890e9       0xf4 /cygdrive/c/TWESDK/516x/Components/Library/libMac_JN516x.a(mac_pmic.o)
                0x000890e9                _vPMICdisassociateRequest
 .text.bPMICdisassocReqSent
                0x000891dd       0x83 /cygdrive/c/TWESDK/516x/Components/Library/libMac_JN516x.a(mac_pmic.o)
 .text.vPMICassociateResponse
                0x00089260       0xd9 /cygdrive/c/TWESDK/516x/Components/Library/libMac_JN516x.a(mac_pmic.o)
                0x00089260                _vPMICassociateResponse
 .text.bAssocRespSent
                0x00089339       0x1d /cygdrive/c/TWESDK/516x/Components/Library/libMac_JN516x.a(mac_pmic.o)
 .text.vPMICassociateRequest
                0x00089356       0xe6 /cygdrive/c/TWESDK/516x/Components/Library/libMac_JN516x.a(mac_pmic.o)
                0x00089356                _vPMICassociateRequest
 .text.bPMICassocReqPollSent
                0x0008943c       0x5b /cygdrive/c/TWESDK/516x/Components/Library/libMac_JN516x.a(mac_pmic.o)
 .text.bPMICassocReqSent
                0x00089497       0x8d /cygdrive/c/TWESDK/516x/Components/Library/libMac_JN516x.a(mac_pmic.o)
 .text.MAC_vRegisterMlmeDcfmIndCallbacks
                0x00089524        0xc /cygdrive/c/TWESDK/516x/Components/Library/libMac_JN516x.a(mac_ind.o)
                0x00089524                _MAC_vRegisterMlmeDcfmIndCallbacks
 .text.MAC_vRegisterMcpsDcfmIndCallbacks
                0x00089530        0xc /cygdrive/c/TWESDK/516x/Components/Library/libMac_JN516x.a(mac_ind.o)
                0x00089530                _MAC_vRegisterMcpsDcfmIndCallbacks
 .text.mac_psDcfmIndGetBuf
                0x0008953c       0x23 /cygdrive/c/TWESDK/516x/Components/Library/libMac_JN516x.a(mac_ind.o)
                0x0008953c                _mac_psDcfmIndGetBuf
 .text.mac_eDcfmIndPost
                0x0008955f       0x21 /cygdrive/c/TWESDK/516x/Components/Library/libMac_JN516x.a(mac_ind.o)
                0x0008955f                _mac_eDcfmIndPost
 .text.eScanHandleEvt
                0x00089580       0x2e /cygdrive/c/TWESDK/516x/Components/Library/libMac_JN516x.a(mac_scan.o)
                0x00089580                _eScanHandleEvt
 .text.vScanHandleTimer
                0x000895ae        0x8 /cygdrive/c/TWESDK/516x/Components/Library/libMac_JN516x.a(mac_scan.o)
 .text.eGenlIllegal
                0x000895b6        0x7 /cygdrive/c/TWESDK/516x/Components/Library/libMac_JN516x.a(mac_scan.o)
 .text.eGenlDontCare
                0x000895bd        0x5 /cygdrive/c/TWESDK/516x/Components/Library/libMac_JN516x.a(mac_scan.o)
 .text.eWEnDEdDone
                0x000895c2       0x64 /cygdrive/c/TWESDK/516x/Components/Library/libMac_JN516x.a(mac_scan.o)
 .text.eWEnDTmrExpiry
                0x00089626        0xb /cygdrive/c/TWESDK/516x/Components/Library/libMac_JN516x.a(mac_scan.o)
 .text.mac_eScanHandleXcvBbcEvt
                0x00089631        0xf /cygdrive/c/TWESDK/516x/Components/Library/libMac_JN516x.a(mac_scan.o)
                0x00089631                _mac_eScanHandleXcvBbcEvt
 .text.mac_eScanHandleXcvPhyEvt
                0x00089640       0x12 /cygdrive/c/TWESDK/516x/Components/Library/libMac_JN516x.a(mac_scan.o)
                0x00089640                _mac_eScanHandleXcvPhyEvt
 .text.vSetNextChannel
                0x00089652       0x4a /cygdrive/c/TWESDK/516x/Components/Library/libMac_JN516x.a(mac_scan.o)
 .text.mac_vScanHandleMlmeReq
                0x0008969c       0x98 /cygdrive/c/TWESDK/516x/Components/Library/libMac_JN516x.a(mac_scan.o)
                0x0008969c                _mac_vScanHandleMlmeReq
 .text.mac_eScanInit
                0x00089734       0x19 /cygdrive/c/TWESDK/516x/Components/Library/libMac_JN516x.a(mac_scan.o)
                0x00089734                _mac_eScanInit
 .text.vPostDcfm
                0x0008974d       0xe9 /cygdrive/c/TWESDK/516x/Components/Library/libMac_JN516x.a(mac_scan.o)
 .text.eWCoRRxDone
                0x00089836       0xb7 /cygdrive/c/TWESDK/516x/Components/Library/libMac_JN516x.a(mac_scan.o)
 .text.eGenTmrExpiry
                0x000898ed       0x4b /cygdrive/c/TWESDK/516x/Components/Library/libMac_JN516x.a(mac_scan.o)
 .text.eWEDTEdDone
                0x00089938       0x1a /cygdrive/c/TWESDK/516x/Components/Library/libMac_JN516x.a(mac_scan.o)
 .text.eGenRxHdrDone
                0x00089952       0x13 /cygdrive/c/TWESDK/516x/Components/Library/libMac_JN516x.a(mac_scan.o)
 .text.eWONTTxDone
                0x00089965       0x35 /cygdrive/c/TWESDK/516x/Components/Library/libMac_JN516x.a(mac_scan.o)
 .text.eWBRTTxDone
                0x0008999a       0x21 /cygdrive/c/TWESDK/516x/Components/Library/libMac_JN516x.a(mac_scan.o)
 .text.eWBcnRxDone
                0x000899bb      0x19e /cygdrive/c/TWESDK/516x/Components/Library/libMac_JN516x.a(mac_scan.o)
 .text.bSendMacCmd
                0x00089b59       0x40 /cygdrive/c/TWESDK/516x/Components/Library/libMac_JN516x.a(mac_scan.o)
 .text.eWChCChanChgd
                0x00089b99      0x170 /cygdrive/c/TWESDK/516x/Components/Library/libMac_JN516x.a(mac_scan.o)
 .text.mac_vLPBAdjustBeaconOffset
                0x00089d09       0x5d /cygdrive/c/TWESDK/516x/Components/Library/libMac_JN516x.a(mac_lp.o)
                0x00089d09                _mac_vLPBAdjustBeaconOffset
 .text.mac_u32LPBGetBeaconTimeout
                0x00089d66        0x9 /cygdrive/c/TWESDK/516x/Components/Library/libMac_JN516x.a(mac_lp.o)
                0x00089d66                _mac_u32LPBGetBeaconTimeout
 .text.MAC_u32ConvertFrom16uS
                0x00089d6f       0x41 /cygdrive/c/TWESDK/516x/Components/Library/libMac_JN516x.a(mac_lp.o)
                0x00089d6f                _MAC_u32ConvertFrom16uS
 .text.mac_vLPBSleep
                0x00089db0       0x55 /cygdrive/c/TWESDK/516x/Components/Library/libMac_JN516x.a(mac_lp.o)
                0x00089db0                _mac_vLPBSleep
 .text.mac_vLPBStopTimer
                0x00089e05        0xe /cygdrive/c/TWESDK/516x/Components/Library/libMac_JN516x.a(mac_lp.o)
                0x00089e05                _mac_vLPBStopTimer
 .text.mac_vLPBStartTimer
                0x00089e13       0x88 /cygdrive/c/TWESDK/516x/Components/Library/libMac_JN516x.a(mac_lp.o)
                0x00089e13                _mac_vLPBStartTimer
 .text.vMCPSframeReceived
                0x00089e9b       0x5a /cygdrive/c/TWESDK/516x/Components/Library/libMac_JN516x.a(MCPS.o)
                0x00089e9b                _vMCPSframeReceived
 .text.bSearchQueue
                0x00089ef5       0x36 /cygdrive/c/TWESDK/516x/Components/Library/libMac_JN516x.a(MCPS.o)
 .text.vTAM_MCPSpurgeRequest
                0x00089f2b       0x64 /cygdrive/c/TWESDK/516x/Components/Library/libMac_JN516x.a(MCPS.o)
                0x00089f2b                _vTAM_MCPSpurgeRequest
 .text.bMCPSframeTXcomplete
                0x00089f8f       0x5a /cygdrive/c/TWESDK/516x/Components/Library/libMac_JN516x.a(MCPS.o)
 .text.vTAM_MCPSdataRequest
                0x00089fe9       0x46 /cygdrive/c/TWESDK/516x/Components/Library/libMac_JN516x.a(MCPS.o)
                0x00089fe9                _vTAM_MCPSdataRequest
 .text.phy_ePibGet
                0x0008a02f       0x34 /cygdrive/c/TWESDK/516x/Components/Library/libMac_JN516x.a(phy_pib.o)
                0x0008a02f                _phy_ePibGet
 .text.u8GetPapValue
                0x0008a063       0x21 /cygdrive/c/TWESDK/516x/Components/Library/libMac_JN516x.a(phy_pib.o)
 .text.vPhySetChannel
                0x0008a084       0x77 /cygdrive/c/TWESDK/516x/Components/Library/libMac_JN516x.a(phy_pib.o)
                0x0008a084                _vPhySetChannel
 .text.phy_ePibSet
                0x0008a0fb       0x90 /cygdrive/c/TWESDK/516x/Components/Library/libMac_JN516x.a(phy_pib.o)
                0x0008a0fb                _phy_ePibSet
 .text.phy_vPibSetDefaults
                0x0008a18b       0x2c /cygdrive/c/TWESDK/516x/Components/Library/libMac_JN516x.a(phy_pib.o)
                0x0008a18b                _phy_vPibSetDefaults
 .text.bTAMinPAN
                0x0008a1b7       0x19 /cygdrive/c/TWESDK/516x/Components/Library/libMac_JN516x.a(TAM.o)
                0x0008a1b7                _bTAMinPAN
 .text.eTAMevent
                0x0008a1d0       0x1a /cygdrive/c/TWESDK/516x/Components/Library/libMac_JN516x.a(TAM.o)
                0x0008a1d0                _eTAMevent
 *fill*         0x0008a1ea        0x2 00
 .text.eTAMselect
                0x0008a1ec      0x154 /cygdrive/c/TWESDK/516x/Components/Library/libMac_JN516x.a(TAM.o)
                0x0008a1ec                _eTAMselect
 .text.vTAM_MLMEsyncRequest
                0x0008a340       0x17 /cygdrive/c/TWESDK/516x/Components/Library/libMac_JN516x.a(TAM.o)
                0x0008a340                _vTAM_MLMEsyncRequest
 .text.vTAM_MLMEstartRequest
                0x0008a357       0x87 /cygdrive/c/TWESDK/516x/Components/Library/libMac_JN516x.a(TAM.o)
                0x0008a357                _vTAM_MLMEstartRequest
 .text.vTAMreset
                0x0008a3de      0x1f6 /cygdrive/c/TWESDK/516x/Components/Library/libMac_JN516x.a(TAM.o)
                0x0008a3de                _vTAMreset
 .text.vTAMCOsetCoordinator
                0x0008a5d4       0x29 /cygdrive/c/TWESDK/516x/Components/Library/libMac_JN516x.a(TAMCO.o)
                0x0008a5d4                _vTAMCOsetCoordinator
 .text.vTAMCOupdatePendingList
                0x0008a5fd       0xbb /cygdrive/c/TWESDK/516x/Components/Library/libMac_JN516x.a(TAMCO.o)
                0x0008a5fd                _vTAMCOupdatePendingList
 .text.vTAMCOreqTXinCAP
                0x0008a6b8       0x2f /cygdrive/c/TWESDK/516x/Components/Library/libMac_JN516x.a(TAMCO.o)
                0x0008a6b8                _vTAMCOreqTXinCAP
 .text.vTrySendFromDirectNoBeacon
                0x0008a6e7       0x38 /cygdrive/c/TWESDK/516x/Components/Library/libMac_JN516x.a(TAMCO.o)
 .text.vTAMCOreqTXnoBeacon
                0x0008a71f       0x18 /cygdrive/c/TWESDK/516x/Components/Library/libMac_JN516x.a(TAMCO.o)
                0x0008a71f                _vTAMCOreqTXnoBeacon
 .text.vTAMCOframeRXnobeacon
                0x0008a737       0x18 /cygdrive/c/TWESDK/516x/Components/Library/libMac_JN516x.a(TAMCO.o)
                0x0008a737                _vTAMCOframeRXnobeacon
 .text.vTAMCOframeTXnobeacon
                0x0008a74f       0x1e /cygdrive/c/TWESDK/516x/Components/Library/libMac_JN516x.a(TAMCO.o)
                0x0008a74f                _vTAMCOframeTXnobeacon
 .text.vTrySendFromDirectCAP
                0x0008a76d       0x25 /cygdrive/c/TWESDK/516x/Components/Library/libMac_JN516x.a(TAMCO.o)
 .text.vTAMCOframeRXcap
                0x0008a792       0x18 /cygdrive/c/TWESDK/516x/Components/Library/libMac_JN516x.a(TAMCO.o)
                0x0008a792                _vTAMCOframeRXcap
 .text.vTAMCOframeRXgoingIdle
                0x0008a7aa       0x1c /cygdrive/c/TWESDK/516x/Components/Library/libMac_JN516x.a(TAMCO.o)
                0x0008a7aa                _vTAMCOframeRXgoingIdle
 .text.vTAMCOframeTXcap
                0x0008a7c6       0x30 /cygdrive/c/TWESDK/516x/Components/Library/libMac_JN516x.a(TAMCO.o)
                0x0008a7c6                _vTAMCOframeTXcap
 .text.vTAMCOframeTXgoingIdle
                0x0008a7f6       0x1b /cygdrive/c/TWESDK/516x/Components/Library/libMac_JN516x.a(TAMCO.o)
                0x0008a7f6                _vTAMCOframeTXgoingIdle
 .text.vTAMCOint2Fired
                0x0008a811       0x22 /cygdrive/c/TWESDK/516x/Components/Library/libMac_JN516x.a(TAMCO.o)
                0x0008a811                _vTAMCOint2Fired
 .text.vTAMCOframeTXbeacon
                0x0008a833       0xc9 /cygdrive/c/TWESDK/516x/Components/Library/libMac_JN516x.a(TAMCO.o)
                0x0008a833                _vTAMCOframeTXbeacon
 .text.vTAMCOint1Fired
                0x0008a8fc       0xef /cygdrive/c/TWESDK/516x/Components/Library/libMac_JN516x.a(TAMCO.o)
                0x0008a8fc                _vTAMCOint1Fired
 .text.vTAMCOint1FiredCAP
                0x0008a9eb       0x7f /cygdrive/c/TWESDK/516x/Components/Library/libMac_JN516x.a(TAMCO.o)
                0x0008a9eb                _vTAMCOint1FiredCAP
 .text.vTAMCOstartBeacon
                0x0008aa6a       0x41 /cygdrive/c/TWESDK/516x/Components/Library/libMac_JN516x.a(TAMCO.o)
                0x0008aa6a                _vTAMCOstartBeacon
 .text.vStartStoreValues
                0x0008aaab       0xbc /cygdrive/c/TWESDK/516x/Components/Library/libMac_JN516x.a(TAMCO.o)
 .text.bStartCallback
                0x0008ab67       0x2f /cygdrive/c/TWESDK/516x/Components/Library/libMac_JN516x.a(TAMCO.o)
 .text.vTAMCO_MLMEstartRequest
                0x0008ab96      0x11e /cygdrive/c/TWESDK/516x/Components/Library/libMac_JN516x.a(TAMCO.o)
                0x0008ab96                _vTAMCO_MLMEstartRequest
 .text.vTAMCOframeStarting
                0x0008acb4       0x1e /cygdrive/c/TWESDK/516x/Components/Library/libMac_JN516x.a(TAMCO.o)
                0x0008acb4                _vTAMCOframeStarting
 .text.vTAMDEdetermineNullState
                0x0008acd2       0x1d /cygdrive/c/TWESDK/516x/Components/Library/libMac_JN516x.a(TAMDE.o)
                0x0008acd2                _vTAMDEdetermineNullState
 .text.vSetPHYfromMacValue
                0x0008acef       0x45 /cygdrive/c/TWESDK/516x/Components/Library/libMac_JN516x.a(TAMDE.o)
 .text.vTAMDEint1FiredWaitDR
                0x0008ad34       0x20 /cygdrive/c/TWESDK/516x/Components/Library/libMac_JN516x.a(TAMDE.o)
                0x0008ad34                _vTAMDEint1FiredWaitDR
 .text.vTAMDEstartSync
                0x0008ad54       0x86 /cygdrive/c/TWESDK/516x/Components/Library/libMac_JN516x.a(TAMDE.o)
                0x0008ad54                _vTAMDEstartSync
 .text.vTAMDE_MLMEsyncRequest
                0x0008adda       0x30 /cygdrive/c/TWESDK/516x/Components/Library/libMac_JN516x.a(TAMDE.o)
                0x0008adda                _vTAMDE_MLMEsyncRequest
 .text.vTrySendUnslotted
                0x0008ae0a       0x23 /cygdrive/c/TWESDK/516x/Components/Library/libMac_JN516x.a(TAMDE.o)
 .text.vDeterminePowerState
                0x0008ae2d       0x98 /cygdrive/c/TWESDK/516x/Components/Library/libMac_JN516x.a(TAMDE.o)
 .text.vTAMDEreqTXnullTrackingCAP
                0x0008aec5       0x1c /cygdrive/c/TWESDK/516x/Components/Library/libMac_JN516x.a(TAMDE.o)
                0x0008aec5                _vTAMDEreqTXnullTrackingCAP
 .text.vTAMDEint2FiredTrackingDR
                0x0008aee1       0x2b /cygdrive/c/TWESDK/516x/Components/Library/libMac_JN516x.a(TAMDE.o)
                0x0008aee1                _vTAMDEint2FiredTrackingDR
 .text.vTAMDEframeTXDEnull
                0x0008af0c       0x28 /cygdrive/c/TWESDK/516x/Components/Library/libMac_JN516x.a(TAMDE.o)
                0x0008af0c                _vTAMDEframeTXDEnull
 .text.vTAMDEframeTXtrackingCAPgts
                0x0008af34       0x34 /cygdrive/c/TWESDK/516x/Components/Library/libMac_JN516x.a(TAMDE.o)
                0x0008af34                _vTAMDEframeTXtrackingCAPgts
 .text.vTAMDEframeRX
                0x0008af68       0x30 /cygdrive/c/TWESDK/516x/Components/Library/libMac_JN516x.a(TAMDE.o)
                0x0008af68                _vTAMDEframeRX
 .text.vTAMDEframePreSyncReq
                0x0008af98       0x21 /cygdrive/c/TWESDK/516x/Components/Library/libMac_JN516x.a(TAMDE.o)
                0x0008af98                _vTAMDEframePreSyncReq
 .text.bSendDataRequest
                0x0008afb9      0x113 /cygdrive/c/TWESDK/516x/Components/Library/libMac_JN516x.a(TAMDE.o)
 .text.vTAMDEframeRXtrackingDR
                0x0008b0cc       0x47 /cygdrive/c/TWESDK/516x/Components/Library/libMac_JN516x.a(TAMDE.o)
                0x0008b0cc                _vTAMDEframeRXtrackingDR
 .text.vTAMDEint2FiredPollActive
                0x0008b113       0x34 /cygdrive/c/TWESDK/516x/Components/Library/libMac_JN516x.a(TAMDE.o)
                0x0008b113                _vTAMDEint2FiredPollActive
 .text.vTAMDEframeTXtrackingDR
                0x0008b147       0x6b /cygdrive/c/TWESDK/516x/Components/Library/libMac_JN516x.a(TAMDE.o)
                0x0008b147                _vTAMDEframeTXtrackingDR
 .text.vTAMDEint1FiredTracking
                0x0008b1b2       0x6f /cygdrive/c/TWESDK/516x/Components/Library/libMac_JN516x.a(TAMDE.o)
                0x0008b1b2                _vTAMDEint1FiredTracking
 .text.vTAMDEint1FiredTrackingCAPgts
                0x0008b221       0xca /cygdrive/c/TWESDK/516x/Components/Library/libMac_JN516x.a(TAMDE.o)
                0x0008b221                _vTAMDEint1FiredTrackingCAPgts
 .text.vTAMDEint1FiredTrackingBeacon
                0x0008b2eb       0xa7 /cygdrive/c/TWESDK/516x/Components/Library/libMac_JN516x.a(TAMDE.o)
                0x0008b2eb                _vTAMDEint1FiredTrackingBeacon
 .text.bProcessBeaconRX
                0x0008b392       0xe6 /cygdrive/c/TWESDK/516x/Components/Library/libMac_JN516x.a(TAMDE.o)
 .text.vTAMDEframeRXsyncReq
                0x0008b478      0x26c /cygdrive/c/TWESDK/516x/Components/Library/libMac_JN516x.a(TAMDE.o)
                0x0008b478                _vTAMDEframeRXsyncReq
 .text.vTAMDEint1FiredSyncReq
                0x0008b6e4       0x7b /cygdrive/c/TWESDK/516x/Components/Library/libMac_JN516x.a(TAMDE.o)
                0x0008b6e4                _vTAMDEint1FiredSyncReq
 .text.pvMEMget
                0x0008b75f       0x27 /cygdrive/c/TWESDK/516x/Components/Library/libMac_JN516x.a(TAM_MEM.o)
                0x0008b75f                _pvMEMget
 .text.vMEMreturn
                0x0008b786       0x6a /cygdrive/c/TWESDK/516x/Components/Library/libMac_JN516x.a(TAM_MEM.o)
                0x0008b786                _vMEMreturn
 .text.vMEMreset
                0x0008b7f0       0x70 /cygdrive/c/TWESDK/516x/Components/Library/libMac_JN516x.a(TAM_MEM.o)
                0x0008b7f0                _vMEMreset
 .text.vMLMErxEnableConfirm
                0x0008b860       0x37 /cygdrive/c/TWESDK/516x/Components/Library/libMac_JN516x.a(TAM_MLME.o)
                0x0008b860                _vMLMErxEnableConfirm
 .text.vMLMEcommStatus
                0x0008b897       0x6e /cygdrive/c/TWESDK/516x/Components/Library/libMac_JN516x.a(TAM_MLME.o)
                0x0008b897                _vMLMEcommStatus
 .text.vMLMEcommStatusFromFrame
                0x0008b905       0x47 /cygdrive/c/TWESDK/516x/Components/Library/libMac_JN516x.a(TAM_MLME.o)
                0x0008b905                _vMLMEcommStatusFromFrame
 .text.vMLMEsyncLoss
                0x0008b94c       0x38 /cygdrive/c/TWESDK/516x/Components/Library/libMac_JN516x.a(TAM_MLME.o)
                0x0008b94c                _vMLMEsyncLoss
 .text.vMLMEbeaconNotify
                0x0008b984      0x17c /cygdrive/c/TWESDK/516x/Components/Library/libMac_JN516x.a(TAM_MLME.o)
                0x0008b984                _vMLMEbeaconNotify
 .text.vTAHsetCutOff
                0x0008bb00        0xa /cygdrive/c/TWESDK/516x/Components/Library/libMac_JN516x.a(TAM_TAH.o)
                0x0008bb00                _vTAHsetCutOff
 .text.vTAHsetSyncLock
                0x0008bb0a       0x18 /cygdrive/c/TWESDK/516x/Components/Library/libMac_JN516x.a(TAM_TAH.o)
                0x0008bb0a                _vTAHsetSyncLock
 .text.vTAHsetPhyStateDirect
                0x0008bb22       0x33 /cygdrive/c/TWESDK/516x/Components/Library/libMac_JN516x.a(TAM_TAH.o)
                0x0008bb22                _vTAHsetPhyStateDirect
 .text.vTAHsetPhyState
                0x0008bb55       0x35 /cygdrive/c/TWESDK/516x/Components/Library/libMac_JN516x.a(TAM_TAH.o)
                0x0008bb55                _vTAHsetPhyState
 .text.vTAIdisableInterrupt
                0x0008bb8a       0x10 /cygdrive/c/TWESDK/516x/Components/Library/libMac_JN516x.a(TAM_TAI.o)
                0x0008bb8a                _vTAIdisableInterrupt
 .text.vTAIsetRxEnableTime
                0x0008bb9a       0x1d /cygdrive/c/TWESDK/516x/Components/Library/libMac_JN516x.a(TAM_TAI.o)
                0x0008bb9a                _vTAIsetRxEnableTime
 .text.vTAIsetCapTime
                0x0008bbb7       0x1d /cygdrive/c/TWESDK/516x/Components/Library/libMac_JN516x.a(TAM_TAI.o)
                0x0008bbb7                _vTAIsetCapTime
 .text.eTATreadTXstatus
                0x0008bbd4       0x46 /cygdrive/c/TWESDK/516x/Components/Library/libMac_JN516x.a(TAM_TAT.o)
                0x0008bbd4                _eTATreadTXstatus
 .text.vTATgetFrameAddress
                0x0008bc1a       0x20 /cygdrive/c/TWESDK/516x/Components/Library/libMac_JN516x.a(TAM_TAT.o)
                0x0008bc1a                _vTATgetFrameAddress
 .text.vTATgetFramePayload
                0x0008bc3a       0x1d /cygdrive/c/TWESDK/516x/Components/Library/libMac_JN516x.a(TAM_TAT.o)
                0x0008bc3a                _vTATgetFramePayload
 .text.vTATsetBLE
                0x0008bc57       0x3e /cygdrive/c/TWESDK/516x/Components/Library/libMac_JN516x.a(TAM_TAT.o)
                0x0008bc57                _vTATsetBLE
 .text.vTATwriteAclMaterialToHardware
                0x0008bc95       0x2c /cygdrive/c/TWESDK/516x/Components/Library/libMac_JN516x.a(TAM_TAT.o)
                0x0008bc95                _vTATwriteAclMaterialToHardware
 .text.bIsBbcSafeForTx
                0x0008bcc1       0x2d /cygdrive/c/TWESDK/516x/Components/Library/libMac_JN516x.a(TAM_TAT.o)
                0x0008bcc1                _bIsBbcSafeForTx
 .text.vTATstartReceiveAt
                0x0008bcee       0x1e /cygdrive/c/TWESDK/516x/Components/Library/libMac_JN516x.a(TAM_TAT.o)
                0x0008bcee                _vTATstartReceiveAt
 .text.vWriteFrame
                0x0008bd0c       0x7d /cygdrive/c/TWESDK/516x/Components/Library/libMac_JN516x.a(TAM_TAT.o)
 .text.bTATsendFrame
                0x0008bd89       0x5a /cygdrive/c/TWESDK/516x/Components/Library/libMac_JN516x.a(TAM_TAT.o)
                0x0008bd89                _bTATsendFrame
 .text.bTATsendFrameAt
                0x0008bde3       0x48 /cygdrive/c/TWESDK/516x/Components/Library/libMac_JN516x.a(TAM_TAT.o)
                0x0008bde3                _bTATsendFrameAt
 .text.bTACassessBeaconForPayload
                0x0008be2b       0x4c /cygdrive/c/TWESDK/516x/Components/Library/libMac_JN516x.a(TAMcommon.o)
                0x0008be2b                _bTACassessBeaconForPayload
 .text.bTACframeInProgress
                0x0008be77       0x27 /cygdrive/c/TWESDK/516x/Components/Library/libMac_JN516x.a(TAMcommon.o)
                0x0008be77                _bTACframeInProgress
 .text.vTACu16ToPayloadM
                0x0008be9e        0xc /cygdrive/c/TWESDK/516x/Components/Library/libMac_JN516x.a(TAMcommon.o)
                0x0008be9e                _vTACu16ToPayloadM
 .text.vTACu32ToPayloadM
                0x0008beaa       0x18 /cygdrive/c/TWESDK/516x/Components/Library/libMac_JN516x.a(TAMcommon.o)
                0x0008beaa                _vTACu32ToPayloadM
 .text.u16TACpayloadToU16M
                0x0008bec2        0xf /cygdrive/c/TWESDK/516x/Components/Library/libMac_JN516x.a(TAMcommon.o)
                0x0008bec2                _u16TACpayloadToU16M
 .text.u32TACpayloadToU32M
                0x0008bed1       0x23 /cygdrive/c/TWESDK/516x/Components/Library/libMac_JN516x.a(TAMcommon.o)
                0x0008bed1                _u32TACpayloadToU32M
 .text.u8TACgetHeaderSize
                0x0008bef4       0x26 /cygdrive/c/TWESDK/516x/Components/Library/libMac_JN516x.a(TAMcommon.o)
                0x0008bef4                _u8TACgetHeaderSize
 .text.vTACsetTxFrameDefaults
                0x0008bf1a       0x2a /cygdrive/c/TWESDK/516x/Components/Library/libMac_JN516x.a(TAMcommon.o)
                0x0008bf1a                _vTACsetTxFrameDefaults
 .text.vTACcheckPollResponse
                0x0008bf44       0x37 /cygdrive/c/TWESDK/516x/Components/Library/libMac_JN516x.a(TAMcommon.o)
                0x0008bf44                _vTACcheckPollResponse
 .text.bUpdateTime
                0x0008bf7b       0x46 /cygdrive/c/TWESDK/516x/Components/Library/libMac_JN516x.a(TAMcommon.o)
 .text.vTACbuildBeacon
                0x0008bfc1      0x257 /cygdrive/c/TWESDK/516x/Components/Library/libMac_JN516x.a(TAMcommon.o)
                0x0008bfc1                _vTACbuildBeacon
 .text.vTACsetFramePending
                0x0008c218       0x3f /cygdrive/c/TWESDK/516x/Components/Library/libMac_JN516x.a(TAMcommon.o)
                0x0008c218                _vTACsetFramePending
 .text.vTACsetPHYfromMacValue
                0x0008c257       0x2b /cygdrive/c/TWESDK/516x/Components/Library/libMac_JN516x.a(TAMcommon.o)
                0x0008c257                _vTACsetPHYfromMacValue
 .text.bTACcheckPANconflict
                0x0008c282       0xa8 /cygdrive/c/TWESDK/516x/Components/Library/libMac_JN516x.a(TAMcommon.o)
                0x0008c282                _bTACcheckPANconflict
 .text.bTACprocessUnexpectedBeacon
                0x0008c32a       0x6d /cygdrive/c/TWESDK/516x/Components/Library/libMac_JN516x.a(TAMcommon.o)
                0x0008c32a                _bTACprocessUnexpectedBeacon
 .text.bSendSyncLoss
                0x0008c397       0x1e /cygdrive/c/TWESDK/516x/Components/Library/libMac_JN516x.a(TAMcommon.o)
 .text.vTACinformOriginator
                0x0008c3b5       0x26 /cygdrive/c/TWESDK/516x/Components/Library/libMac_JN516x.a(TAMcommon.o)
                0x0008c3b5                _vTACinformOriginator
 .text.vTACintRXheader
                0x0008c3db       0x98 /cygdrive/c/TWESDK/516x/Components/Library/libMac_JN516x.a(TAMcommon.o)
                0x0008c3db                _vTACintRXheader
 .text.bTACprocessFrameRXcomplete
                0x0008c473      0x231 /cygdrive/c/TWESDK/516x/Components/Library/libMac_JN516x.a(TAMcommon.o)
                0x0008c473                _bTACprocessFrameRXcomplete
 .text.eTACprocessFrameTXcomplete
                0x0008c6a4      0x17c /cygdrive/c/TWESDK/516x/Components/Library/libMac_JN516x.a(TAMcommon.o)
                0x0008c6a4                _eTACprocessFrameTXcomplete
 .text.vTAMinsertEvent
                0x0008c820       0x6c /cygdrive/c/TWESDK/516x/Components/Library/libMac_JN516x.a(TAMevent.o)
                0x0008c820                _vTAMinsertEvent
 .text.vTAM_TxRetryTimeout
                0x0008c88c        0x8 /cygdrive/c/TWESDK/516x/Components/Library/libMac_JN516x.a(TAMevent.o)
                0x0008c88c                _vTAM_TxRetryTimeout
 .text.vTAM_QueueTxEvent
                0x0008c894       0x11 /cygdrive/c/TWESDK/516x/Components/Library/libMac_JN516x.a(TAMevent.o)
                0x0008c894                _vTAM_QueueTxEvent
 .text.vTAM_CancelTxRetryTimer
                0x0008c8a5        0xf /cygdrive/c/TWESDK/516x/Components/Library/libMac_JN516x.a(TAMevent.o)
                0x0008c8a5                _vTAM_CancelTxRetryTimer
 .text.vTAM_TxRetryTimer
                0x0008c8b4       0x13 /cygdrive/c/TWESDK/516x/Components/Library/libMac_JN516x.a(TAMevent.o)
                0x0008c8b4                _vTAM_TxRetryTimer
 .text.vTAQaddToFifo
                0x0008c8c7       0x1a /cygdrive/c/TWESDK/516x/Components/Library/libMac_JN516x.a(TAMqueue.o)
                0x0008c8c7                _vTAQaddToFifo
 .text.bTAQremoveFromFifo
                0x0008c8e1       0x3d /cygdrive/c/TWESDK/516x/Components/Library/libMac_JN516x.a(TAMqueue.o)
                0x0008c8e1                _bTAQremoveFromFifo
 .text.vTAQresetFifo
                0x0008c91e        0x9 /cygdrive/c/TWESDK/516x/Components/Library/libMac_JN516x.a(TAMqueue.o)
                0x0008c91e                _vTAQresetFifo
 .text.psTAQsearchFifoForHandle
                0x0008c927       0x18 /cygdrive/c/TWESDK/516x/Components/Library/libMac_JN516x.a(TAMqueue.o)
                0x0008c927                _psTAQsearchFifoForHandle
 .text.psTAQsearchFifo
                0x0008c93f       0x46 /cygdrive/c/TWESDK/516x/Components/Library/libMac_JN516x.a(TAMqueue.o)
                0x0008c93f                _psTAQsearchFifo
 .text.vDoGoOff
                0x0008c985       0x1a /cygdrive/c/TWESDK/516x/Components/Library/libMac_JN516x.a(TAMrxEnable.o)
 .text.vDoGoActive
                0x0008c99f       0x28 /cygdrive/c/TWESDK/516x/Components/Library/libMac_JN516x.a(TAMrxEnable.o)
 .text.vTAM_MLMErxEnableRequest
                0x0008c9c7       0xc8 /cygdrive/c/TWESDK/516x/Components/Library/libMac_JN516x.a(TAMrxEnable.o)
                0x0008c9c7                _vTAM_MLMErxEnableRequest
 .text.vTAMRXEsetReceiveForPibChange
                0x0008ca8f       0x33 /cygdrive/c/TWESDK/516x/Components/Library/libMac_JN516x.a(TAMrxEnable.o)
                0x0008ca8f                _vTAMRXEsetReceiveForPibChange
 .text.vTAMRXEsetPhy
                0x0008cac2       0xb6 /cygdrive/c/TWESDK/516x/Components/Library/libMac_JN516x.a(TAMrxEnable.o)
                0x0008cac2                _vTAMRXEsetPhy
 .text.vTAMRXEint2Fired
                0x0008cb78       0x42 /cygdrive/c/TWESDK/516x/Components/Library/libMac_JN516x.a(TAMrxEnable.o)
                0x0008cb78                _vTAMRXEint2Fired
 .text.bSecurityLevelCheckingAlgorithm
                0x0008cbba       0x25 /cygdrive/c/TWESDK/516x/Components/Library/libMac_JN516x.a(TAMsecurity.o)
 .text.u8TSCframeIncrease
                0x0008cbdf        0xf /cygdrive/c/TWESDK/516x/Components/Library/libMac_JN516x.a(TAMsecurity.o)
                0x0008cbdf                _u8TSCframeIncrease
 .text.vTSCsetUpwardSecurity
                0x0008cbee       0x15 /cygdrive/c/TWESDK/516x/Components/Library/libMac_JN516x.a(TAMsecurity.o)
                0x0008cbee                _vTSCsetUpwardSecurity
 .text.vCopyToDataFromMacAddr
                0x0008cc03       0x33 /cygdrive/c/TWESDK/516x/Components/Library/libMac_JN516x.a(TAMsecurity.o)
 .text.vTSCpostTransmitUpdate
                0x0008cc36       0x3b /cygdrive/c/TWESDK/516x/Components/Library/libMac_JN516x.a(TAMsecurity.o)
                0x0008cc36                _vTSCpostTransmitUpdate
 .text.vTSCsetOutgoingInfo
                0x0008cc71      0x158 /cygdrive/c/TWESDK/516x/Components/Library/libMac_JN516x.a(TAMsecurity.o)
                0x0008cc71                _vTSCsetOutgoingInfo
 .text.vMAC_RetrieveSecurityInfoFromFrame
                0x0008cdc9       0x92 /cygdrive/c/TWESDK/516x/Components/Library/libMac_JN516x.a(TAMsecurity.o)
                0x0008cdc9                _vMAC_RetrieveSecurityInfoFromFrame
 .text.MAC_bLookUpKeyDescriptor
                0x0008ce5b       0x7f /cygdrive/c/TWESDK/516x/Components/Library/libMac_JN516x.a(TAMsecurity.o)
 .text.bTSCgetOutgoingInfo2003
                0x0008ceda       0x21 /cygdrive/c/TWESDK/516x/Components/Library/libMac_JN516x.a(TAMsecurity.o)
                0x0008ceda                _bTSCgetOutgoingInfo2003
 .text.bTSCgetOutgoingInfo
                0x0008cefb      0x11c /cygdrive/c/TWESDK/516x/Components/Library/libMac_JN516x.a(TAMsecurity.o)
                0x0008cefb                _bTSCgetOutgoingInfo
 .text.vTSCgetIncomingInfo
                0x0008d017       0xc6 /cygdrive/c/TWESDK/516x/Components/Library/libMac_JN516x.a(TAMsecurity.o)
                0x0008d017                _vTSCgetIncomingInfo
 .text.bTSCcheckIncomingFrame
                0x0008d0dd      0x689 /cygdrive/c/TWESDK/516x/Components/Library/libMac_JN516x.a(TAMsecurity.o)
                0x0008d0dd                _bTSCcheckIncomingFrame
 .text.vTAStidyUpAfterFrameTX
                0x0008d766       0x26 /cygdrive/c/TWESDK/516x/Components/Library/libMac_JN516x.a(TAMsideways.o)
                0x0008d766                _vTAStidyUpAfterFrameTX
 .text.bTASsendCommStatusInd
                0x0008d78c       0x1b /cygdrive/c/TWESDK/516x/Components/Library/libMac_JN516x.a(TAMsideways.o)
                0x0008d78c                _bTASsendCommStatusInd
 .text.vTASretrieveSecurity
                0x0008d7a7       0x24 /cygdrive/c/TWESDK/516x/Components/Library/libMac_JN516x.a(TAMsideways.o)
                0x0008d7a7                _vTASretrieveSecurity
 .text.vTASretrieveFrame
                0x0008d7cb       0x88 /cygdrive/c/TWESDK/516x/Components/Library/libMac_JN516x.a(TAMsideways.o)
                0x0008d7cb                _vTASretrieveFrame
 .text.eTAStransmitRequest
                0x0008d853      0x3e3 /cygdrive/c/TWESDK/516x/Components/Library/libMac_JN516x.a(TAMsideways.o)
                0x0008d853                _eTAStransmitRequest
 .text.vTTIBLETimerExpired
                0x0008dc36        0xb /cygdrive/c/TWESDK/516x/Components/Library/libMac_JN516x.a(TAMtime.o)
                0x0008dc36                _vTTIBLETimerExpired
 .text.vTTITimer2Expired
                0x0008dc41        0x8 /cygdrive/c/TWESDK/516x/Components/Library/libMac_JN516x.a(TAMtime.o)
                0x0008dc41                _vTTITimer2Expired
 .text.vTTITimer1Expired
                0x0008dc49        0x8 /cygdrive/c/TWESDK/516x/Components/Library/libMac_JN516x.a(TAMtime.o)
                0x0008dc49                _vTTITimer1Expired
 .text.vTTITransactionTimerExpired
                0x0008dc51       0x2f /cygdrive/c/TWESDK/516x/Components/Library/libMac_JN516x.a(TAMtime.o)
                0x0008dc51                _vTTITransactionTimerExpired
 .text.vCmdWaitBusy
                0x0008dc80        0xd /cygdrive/c/TWESDK/516x/Components/Library/libMac_JN516x.a(TAM_AES.o)
 .text.vEcbEncodeStripe
                0x0008dc8d       0x55 /cygdrive/c/TWESDK/516x/Components/Library/libMac_JN516x.a(TAM_AES.o)
 .text.vFromU16ToLe
                0x0008dce2        0xc /cygdrive/c/TWESDK/516x/Components/Library/libMac_JN516x.a(TAM_AES.o)
 .text.vFromU32ToLe
                0x0008dcee       0x18 /cygdrive/c/TWESDK/516x/Components/Library/libMac_JN516x.a(TAM_AES.o)
 .text.u8TAM_AES_WriteAuxilliarySecurityHeaderIntoBuffer
                0x0008dd06       0x6a /cygdrive/c/TWESDK/516x/Components/Library/libMac_JN516x.a(TAM_AES.o)
                0x0008dd06                _u8TAM_AES_WriteAuxilliarySecurityHeaderIntoBuffer
 .text.u8Write802_15_4HeaderIntoBuffer
                0x0008dd70      0x110 /cygdrive/c/TWESDK/516x/Components/Library/libMac_JN516x.a(TAM_AES.o)
 .text.vWrite802_15_4NonceIntoBuffer
                0x0008de80       0x4a /cygdrive/c/TWESDK/516x/Components/Library/libMac_JN516x.a(TAM_AES.o)
 .text.vTAM_AES_OptimisedCcmStar
                0x0008deca      0x244 /cygdrive/c/TWESDK/516x/Components/Library/libMac_JN516x.a(TAM_AES.o)
                0x0008deca                _vTAM_AES_OptimisedCcmStar
 .text.bTAM_AES_CCMstarPatch2006
                0x0008e10e       0xf4 /cygdrive/c/TWESDK/516x/Components/Library/libMac_JN516x.a(TAM_AES.o)
                0x0008e10e                _bTAM_AES_CCMstarPatch2006
 .text.bTAM_AES_CCMstarPatch
                0x0008e202       0xfe /cygdrive/c/TWESDK/516x/Components/Library/libMac_JN516x.a(TAM_AES.o)
                0x0008e202                _bTAM_AES_CCMstarPatch
 .text.MAC_u8AclFindInfo
                0x0008e300      0x118 /cygdrive/c/TWESDK/516x/Components/Library/libMac_JN516x.a(mac_acl.o)
                0x0008e300                _MAC_u8AclFindInfo
 .text.vMAC_MISCorphanReceived
                0x0008e418       0x4f /cygdrive/c/TWESDK/516x/Components/Library/libMac_JN516x.a(mac_misc.o)
                0x0008e418                _vMAC_MISCorphanReceived
 .text.vMAC_MISCpollConfirm
                0x0008e467       0x35 /cygdrive/c/TWESDK/516x/Components/Library/libMac_JN516x.a(mac_misc.o)
                0x0008e467                _vMAC_MISCpollConfirm
 .text.vMAC_MISCpollRequest
                0x0008e49c       0xbe /cygdrive/c/TWESDK/516x/Components/Library/libMac_JN516x.a(mac_misc.o)
                0x0008e49c                _vMAC_MISCpollRequest
 .text.vMAC_MISCorphanResponse
                0x0008e55a       0xc4 /cygdrive/c/TWESDK/516x/Components/Library/libMac_JN516x.a(mac_misc.o)
                0x0008e55a                _vMAC_MISCorphanResponse
 .text.bPollReqSent
                0x0008e61e       0x1e /cygdrive/c/TWESDK/516x/Components/Library/libMac_JN516x.a(mac_misc.o)
 .text.vUpdateRegisters
                0x0008e63c       0x4b /cygdrive/c/TWESDK/516x/Components/Library/libXcv_JN516x.a(xcv_main.o)
 .text.XCV_vCtor
                0x0008e687      0x1ae /cygdrive/c/TWESDK/516x/Components/Library/libXcv_JN516x.a(xcv_main.o)
                0x0008e687                _XCV_vCtor
 .text.XCV_vDevWriteIER
                0x0008e835        0xa /cygdrive/c/TWESDK/516x/Components/Library/libXcv_JN516x.a(xcv_access.o)
                0x0008e835                _XCV_vDevWriteIER
 .text.XCV_vDevRMW_IER
                0x0008e83f       0x19 /cygdrive/c/TWESDK/516x/Components/Library/libXcv_JN516x.a(xcv_access.o)
                0x0008e83f                _XCV_vDevRMW_IER
 .text.vXCV_IntHandlerBbc
                0x0008e858       0x62 /cygdrive/c/TWESDK/516x/Components/Library/libXcv_JN516x.a(xcv_isr.o)
                0x0008e858                _vXCV_IntHandlerBbc
 .text.vXCV_IntHandlerPhy
                0x0008e8ba       0xab /cygdrive/c/TWESDK/516x/Components/Library/libXcv_JN516x.a(xcv_isr.o)
                0x0008e8ba                _vXCV_IntHandlerPhy
 .text.bACI_CCMstar
                0x0008e965       0x66 /cygdrive/c/TWESDK/516x/Components/Library/libAes_JN516x.a(AEScoprocessorCCM.o)
                0x0008e965                _bACI_CCMstar
 .text.TSV_eInit
                0x0008e9cb       0x1d /cygdrive/c/TWESDK/516x/Components/Library/libTimerServer_JN516x.a(tsv_main.o)
                0x0008e9cb                _TSV_eInit
 .text.TSV_eOpen
                0x0008e9e8        0x8 /cygdrive/c/TWESDK/516x/Components/Library/libTimerServer_JN516x.a(tsv_main.o)
                0x0008e9e8                _TSV_eOpen
 .text.psRemove
                0x0008e9f0       0x47 /cygdrive/c/TWESDK/516x/Components/Library/libTimerServer_JN516x.a(tsv_main.o)
 .text.vExpireHead
                0x0008ea37       0x31 /cygdrive/c/TWESDK/516x/Components/Library/libTimerServer_JN516x.a(tsv_main.o)
 .text.TSV_eExpireProc
                0x0008ea68       0x2b /cygdrive/c/TWESDK/516x/Components/Library/libTimerServer_JN516x.a(tsv_main.o)
                0x0008ea68                _TSV_eExpireProc
 .text.TSV_eStart
                0x0008ea93       0xcf /cygdrive/c/TWESDK/516x/Components/Library/libTimerServer_JN516x.a(tsv_main.o)
                0x0008ea93                _TSV_eStart
 .text.TSV_eStop